Moscou:1-source=geonames:2-entityType=loc:3-theme=political:41-vague=non:42-sentiment=neutral:5-id=524901:51-category=P:52-subcategory=PPLC:61-continent=EU:62-country=RU:63-admin2=:64-admin4=:65-x=37.61556:66-y=55.75222:67-geometry=
Bucarest:1-source=geonames:2-entityType=loc:3-theme=political:41-vague=non:42-sentiment=neutral:5-id=683506:51-category=P:52-subcategory=PPLC:61-continent=EU:62-country=RO:63-admin2=:64-admin4=:65-x=26.10626:66-y=44.43225:67-geometry=
Varsovie:1-source=geonames:2-entityType=loc:3-theme=political:41-vague=non:42-sentiment=neutral:5-id=756135:51-category=P:52-subcategory=PPLC:61-continent=EU:62-country=PL:63-admin2=:64-admin4=:65-x=21.01178:66-y=52.22977:67-geometry=
Sofia:1-source=geonames:2-entityType=loc:3-theme=political:41-vague=non:42-sentiment=neutral:5-id=727011:51-category=P:52-subcategory=PPLC:61-continent=EU:62-country=BG:63-admin2=:64-admin4=:65-x=23.32415:66-y=42.69751:67-geometry=
Tbilissi:1-source=geonames:2-entityType=loc:3-theme=political:41-vague=non:42-sentiment=neutral:5-id=611717:51-category=P:52-subcategory=PPLC:61-continent=AS:62-country=GE:63-admin2=:64-admin4=:65-x=44.83368:66-y=41.69411:67-geometry=
Erevan:1-source=geonames:2-entityType=loc:3-theme=political:41-vague=non:42-sentiment=neutral:5-id=616052:51-category=P:52-subcategory=PPLC:61-continent=AS:62-country=AM:63-admin2=:64-admin4=:65-x=44.51361:66-y=40.18111:67-geometry=
Bakou:1-source=geonames:2-entityType=loc:3-theme=political:41-vague=non:42-sentiment=neutral:5-id=587084:51-category=P:52-subcategory=PPLC:61-continent=AS:62-country=AZ:63-admin2=:64-admin4=:65-x=49.89201:66-y=40.37767:67-geometry=
Kiev:1-source=geonames:2-entityType=loc:3-theme=political:41-vague=non:42-sentiment=neutral:5-id=703448:51-category=P:52-subcategory=PPLC:61-continent=EU:62-country=UA:63-admin2=:64-admin4=:65-x=30.5238:66-y=50.45466:67-geometry=
Luanda:1-source=geonames:2-entityType=loc:3-theme=political:41-vague=non:42-sentiment=neutral:5-id=2240449:51-category=P:52-subcategory=PPLC:61-continent=AF:62-country=AO:63-admin2=:64-admin4=:65-x=13.23432:66-y=-8.83682:67-geometry=
Dakar:1-source=geonames:2-entityType=loc:3-theme=political:41-vague=non:42-sentiment=neutral:5-id=2253354:51-category=P:52-subcategory=PPLC:61-continent=AF:62-country=SN:63-admin2=:64-admin4=:65-x=-17.44406:66-y=14.6937:67-geometry=
Ouagadougou:1-source=geonames:2-entityType=loc:3-theme=political:41-vague=non:42-sentiment=neutral:5-id=2357048:51-category=P:52-subcategory=PPLC:61-continent=AF:62-country=BF:63-admin2=:64-admin4=:65-x=-1.53388:66-y=12.36566:67-geometry=
Kinshasa:1-source=geonames:2-entityType=loc:3-theme=political:41-vague=non:42-sentiment=neutral:5-id=2314302:51-category=P:52-subcategory=PPLC:61-continent=AF:62-country=CD:63-admin2=:64-admin4=:65-x=15.31357:66-y=-4.32758:67-geometry=
Accra:1-source=geonames:2-entityType=loc:3-theme=political:41-vague=non:42-sentiment=neutral:5-id=2306104:51-category=P:52-subcategory=PPLC:61-continent=AF:62-country=GH:63-admin2=:64-admin4=:65-x=-0.1969:66-y=5.55602:67-geometry=
Alger:1-source=geonames:2-entityType=loc:3-theme=political:41-vague=non:42-sentiment=neutral:5-id=2507480:51-category=P:52-subcategory=PPLC:61-continent=AF:62-country=DZ:63-admin2=:64-admin4=:65-x=3.04197:66-y=36.7525:67-geometry=
Antananarivo:1-source=geonames:2-entityType=loc:3-theme=political:41-vague=non:42-sentiment=neutral:5-id=1070940:51-category=P:52-subcategory=PPLC:61-continent=AF:62-country=MG:63-admin2=:64-admin4=:65-x=47.53613:66-y=-18.91368:67-geometry=
Lusaka:1-source=geonames:2-entityType=loc:3-theme=political:41-vague=non:42-sentiment=neutral:5-id=909137:51-category=P:52-subcategory=PPLC:61-continent=AF:62-country=ZM:63-admin2=:64-admin4=:65-x=28.28713:66-y=-15.40669:67-geometry=
Saint-Denis:1-source=geonames:2-entityType=loc:3-theme=political:41-vague=non:42-sentiment=neutral:5-id=935264:51-category=P:52-subcategory=PPLC:61-continent=AF:62-country=RE:63-admin2=:64-admin4=:65-x=55.4504:66-y=-20.88231:67-geometry=
Maputo:1-source=geonames:2-entityType=loc:3-theme=political:41-vague=non:42-sentiment=neutral:5-id=1040652:51-category=P:52-subcategory=PPLC:61-continent=AF:62-country=MZ:63-admin2=:64-admin4=:65-x=32.58322:66-y=-25.96553:67-geometry=
Dacca:1-source=geonames:2-entityType=loc:3-theme=political:41-vague=non:42-sentiment=neutral:5-id=1185241:51-category=P:52-subcategory=PPLC:61-continent=AS:62-country=BD:63-admin2=:64-admin4=:65-x=90.40744:66-y=23.7104:67-geometry=
Katmandou:1-source=geonames:2-entityType=loc:3-theme=political:41-vague=non:42-sentiment=neutral:5-id=1283240:51-category=P:52-subcategory=PPLC:61-continent=AS:62-country=NP:63-admin2=:64-admin4=:65-x=85.3206:66-y=27.70169:67-geometry=
Bruxelles:1-source=geonames:2-entityType=loc:3-theme=political:41-vague=non:42-sentiment=neutral:5-id=2800866:51-category=P:52-subcategory=PPLC:61-continent=EU:62-country=BE:63-admin2=:64-admin4=:65-x=4.34878:66-y=50.85045:67-geometry=
Dublin:1-source=geonames:2-entityType=loc:3-theme=political:41-vague=non:42-sentiment=neutral:5-id=2964574:51-category=P:52-subcategory=PPLC:61-continent=EU:62-country=IE:63-admin2=:64-admin4=:65-x=-6.24889:66-y=53.33306:67-geometry=
Berlin:1-source=geonames:2-entityType=loc:3-theme=political:41-vague=non:42-sentiment=neutral:5-id=2950159:51-category=P:52-subcategory=PPLC:61-continent=EU:62-country=DE:63-admin2=:64-admin4=:65-x=13.41053:66-y=52.52437:67-geometry=
Budapest:1-source=geonames:2-entityType=loc:3-theme=political:41-vague=non:42-sentiment=neutral:5-id=3054643:51-category=P:52-subcategory=PPLC:61-continent=EU:62-country=HU:63-admin2=:64-admin4=:65-x=19.03991:66-y=47.49801:67-geometry=
Prague:1-source=geonames:2-entityType=loc:3-theme=political:41-vague=non:42-sentiment=neutral:5-id=3067696:51-category=P:52-subcategory=PPLC:61-continent=EU:62-country=CZ:63-admin2=:64-admin4=:65-x=14.42076:66-y=50.08804:67-geometry=
Londres:1-source=geonames:2-entityType=loc:3-theme=political:41-vague=non:42-sentiment=neutral:5-id=2643743:51-category=P:52-subcategory=PPLC:61-continent=EU:62-country=GB:63-admin2=:64-admin4=:65-x=-0.12574:66-y=51.50853:67-geometry=
Berne:1-source=geonames:2-entityType=loc:3-theme=political:41-vague=non:42-sentiment=neutral:5-id=2661552:51-category=P:52-subcategory=PPLC:61-continent=EU:62-country=CH:63-admin2=:64-admin4=:65-x=7.44744:66-y=46.94809:67-geometry=
Manille:1-source=geonames:2-entityType=loc:3-theme=political:41-vague=non:42-sentiment=neutral:5-id=1701668:51-category=P:52-subcategory=PPLC:61-continent=AS:62-country=PH:63-admin2=:64-admin4=:65-x=120.9822:66-y=14.6042:67-geometry=
Phnom Penh:1-source=geonames:2-entityType=loc:3-theme=political:41-vague=non:42-sentiment=neutral:5-id=1821306:51-category=P:52-subcategory=PPLC:61-continent=AS:62-country=KH:63-admin2=:64-admin4=:65-x=104.91601:66-y=11.56245:67-geometry=
Taipei:1-source=geonames:2-entityType=loc:3-theme=political:41-vague=non:42-sentiment=neutral:5-id=1668341:51-category=P:52-subcategory=PPLC:61-continent=AS:62-country=TW:63-admin2=:64-admin4=:65-x=121.53185:66-y=25.04776:67-geometry=
Jakarta:1-source=geonames:2-entityType=loc:3-theme=political:41-vague=non:42-sentiment=neutral:5-id=1642911:51-category=P:52-subcategory=PPLC:61-continent=AS:62-country=ID:63-admin2=:64-admin4=:65-x=106.84513:66-y=-6.21462:67-geometry=
Séoul:1-source=geonames:2-entityType=loc:3-theme=political:41-vague=non:42-sentiment=neutral:5-id=1835848:51-category=P:52-subcategory=PPLC:61-continent=AS:62-country=KR:63-admin2=:64-admin4=:65-x=126.9784:66-y=37.566:67-geometry=
Pékin:1-source=geonames:2-entityType=loc:3-theme=political:41-vague=non:42-sentiment=neutral:5-id=1816670:51-category=P:52-subcategory=PPLC:61-continent=AS:62-country=CN:63-admin2=:64-admin4=:65-x=116.39723:66-y=39.9075:67-geometry=
Hong Kong:1-source=geonames:2-entityType=loc:3-theme=political:41-vague=non:42-sentiment=neutral:5-id=1819729:51-category=P:52-subcategory=PPLC:61-continent=AS:62-country=HK:63-admin2=:64-admin4=:65-x=114.15769:66-y=22.28552:67-geometry=
Bangkok:1-source=geonames:2-entityType=loc:3-theme=political:41-vague=non:42-sentiment=neutral:5-id=1609350:51-category=P:52-subcategory=PPLC:61-continent=AS:62-country=TH:63-admin2=:64-admin4=:65-x=100.50144:66-y=13.75398:67-geometry=
Pyongyang:1-source=geonames:2-entityType=loc:3-theme=political:41-vague=non:42-sentiment=neutral:5-id=1871859:51-category=P:52-subcategory=PPLC:61-continent=AS:62-country=KP:63-admin2=:64-admin4=:65-x=125.75432:66-y=39.03385:67-geometry=
Tokyo:1-source=geonames:2-entityType=loc:3-theme=political:41-vague=non:42-sentiment=neutral:5-id=1850147:51-category=P:52-subcategory=PPLC:61-continent=AS:62-country=JP:63-admin2=:64-admin4=:65-x=139.69171:66-y=35.6895:67-geometry=
Tachkent:1-source=geonames:2-entityType=loc:3-theme=political:41-vague=non:42-sentiment=neutral:5-id=1512569:51-category=P:52-subcategory=PPLC:61-continent=AS:62-country=UZ:63-admin2=:64-admin4=:65-x=69.21627:66-y=41.26465:67-geometry=
Kaboul:1-source=geonames:2-entityType=loc:3-theme=political:41-vague=non:42-sentiment=neutral:5-id=1138958:51-category=P:52-subcategory=PPLC:61-continent=AS:62-country=AF:63-admin2=:64-admin4=:65-x=69.17233:66-y=34.52813:67-geometry=
Addis-Abeba:1-source=geonames:2-entityType=loc:3-theme=political:41-vague=non:42-sentiment=neutral:5-id=344979:51-category=P:52-subcategory=PPLC:61-continent=AF:62-country=ET:63-admin2=:64-admin4=:65-x=38.74689:66-y=9.02497:67-geometry=
Nairobi:1-source=geonames:2-entityType=loc:3-theme=political:41-vague=non:42-sentiment=neutral:5-id=184745:51-category=P:52-subcategory=PPLC:61-continent=AF:62-country=KE:63-admin2=:64-admin4=:65-x=36.81667:66-y=-1.28333:67-geometry=
Damas:1-source=geonames:2-entityType=loc:3-theme=political:41-vague=non:42-sentiment=neutral:5-id=170654:51-category=P:52-subcategory=PPLC:61-continent=AS:62-country=SY:63-admin2=:64-admin4=:65-x=36.29128:66-y=33.5102:67-geometry=
Kampala:1-source=geonames:2-entityType=loc:3-theme=political:41-vague=non:42-sentiment=neutral:5-id=232422:51-category=P:52-subcategory=PPLC:61-continent=AF:62-country=UG:63-admin2=:64-admin4=:65-x=32.58219:66-y=0.31628:67-geometry=
Amman:1-source=geonames:2-entityType=loc:3-theme=political:41-vague=non:42-sentiment=neutral:5-id=250441:51-category=P:52-subcategory=PPLC:61-continent=AS:62-country=JO:63-admin2=:64-admin4=:65-x=35.94503:66-y=31.95522:67-geometry=
Beyrouth:1-source=geonames:2-entityType=loc:3-theme=political:41-vague=non:42-sentiment=neutral:5-id=276781:51-category=P:52-subcategory=PPLC:61-continent=AS:62-country=LB:63-admin2=:64-admin4=:65-x=35.49442:66-y=33.88894:67-geometry=
Le Caire:1-source=geonames:2-entityType=loc:3-theme=political:41-vague=non:42-sentiment=neutral:5-id=360630:51-category=P:52-subcategory=PPLC:61-continent=AF:62-country=EG:63-admin2=:64-admin4=:65-x=31.24967:66-y=30.06263:67-geometry=
Ankara:1-source=geonames:2-entityType=loc:3-theme=political:41-vague=non:42-sentiment=neutral:5-id=323786:51-category=P:52-subcategory=PPLC:61-continent=AS:62-country=TR:63-admin2=:64-admin4=:65-x=32.85427:66-y=39.91987:67-geometry=
Mogadiscio:1-source=geonames:2-entityType=loc:3-theme=political:41-vague=non:42-sentiment=neutral:5-id=53654:51-category=P:52-subcategory=PPLC:61-continent=AF:62-country=SO:63-admin2=:64-admin4=:65-x=45.34375:66-y=2.03711:67-geometry=
Riyad:1-source=geonames:2-entityType=loc:3-theme=political:41-vague=non:42-sentiment=neutral:5-id=108410:51-category=P:52-subcategory=PPLC:61-continent=AS:62-country=SA:63-admin2=:64-admin4=:65-x=46.72185:66-y=24.68773:67-geometry=
Téhéran:1-source=geonames:2-entityType=loc:3-theme=political:41-vague=non:42-sentiment=neutral:5-id=112931:51-category=P:52-subcategory=PPLC:61-continent=AS:62-country=IR:63-admin2=:64-admin4=:65-x=51.42151:66-y=35.69439:67-geometry=
Bagdad:1-source=geonames:2-entityType=loc:3-theme=political:41-vague=non:42-sentiment=neutral:5-id=98182:51-category=P:52-subcategory=PPLC:61-continent=AS:62-country=IQ:63-admin2=:64-admin4=:65-x=44.40088:66-y=33.34058:67-geometry=
Hanoï:1-source=geonames:2-entityType=loc:3-theme=political:41-vague=non:42-sentiment=neutral:5-id=1581130:51-category=P:52-subcategory=PPLC:61-continent=AS:62-country=VN:63-admin2=:64-admin4=:65-x=105.84117:66-y=21.0245:67-geometry=
Stockholm:1-source=geonames:2-entityType=loc:3-theme=political:41-vague=non:42-sentiment=neutral:5-id=2673730:51-category=P:52-subcategory=PPLC:61-continent=EU:62-country=SE:63-admin2=:64-admin4=:65-x=18.0649:66-y=59.33258:67-geometry=
Buenos Aires:1-source=geonames:2-entityType=loc:3-theme=political:41-vague=non:42-sentiment=neutral:5-id=3435910:51-category=P:52-subcategory=PPLC:61-continent=SA:62-country=AR:63-admin2=:64-admin4=:65-x=-58.37723:66-y=-34.61315:67-geometry=
Santiago du Chili:1-source=geonames:2-entityType=loc:3-theme=political:41-vague=non:42-sentiment=neutral:5-id=3871336:51-category=P:52-subcategory=PPLC:61-continent=SA:62-country=CL:63-admin2=:64-admin4=:65-x=-70.64827:66-y=-33.45694:67-geometry=
Caracas:1-source=geonames:2-entityType=loc:3-theme=political:41-vague=non:42-sentiment=neutral:5-id=3646738:51-category=P:52-subcategory=PPLC:61-continent=SA:62-country=VE:63-admin2=:64-admin4=:65-x=-66.87919:66-y=10.48801:67-geometry=
Mexico:1-source=geonames:2-entityType=loc:3-theme=political:41-vague=non:42-sentiment=neutral:5-id=3530597:51-category=P:52-subcategory=PPLC:61-continent=NA:62-country=MX:63-admin2=:64-admin4=:65-x=-99.12766:66-y=19.42847:67-geometry=
Reykjavik:1-source=geonames:2-entityType=loc:3-theme=political:41-vague=non:42-sentiment=neutral:5-id=3413829:51-category=P:52-subcategory=PPLC:61-continent=EU:62-country=IS:63-admin2=:64-admin4=:65-x=-21.89541:66-y=64.13548:67-geometry=
Bogota:1-source=geonames:2-entityType=loc:3-theme=political:41-vague=non:42-sentiment=neutral:5-id=3688689:51-category=P:52-subcategory=PPLC:61-continent=SA:62-country=CO:63-admin2=:64-admin4=:65-x=-74.08175:66-y=4.60971:67-geometry=
Rome:1-source=geonames:2-entityType=loc:3-theme=political:41-vague=non:42-sentiment=neutral:5-id=3169070:51-category=P:52-subcategory=PPLC:61-continent=EU:62-country=IT:63-admin2=:64-admin4=:65-x=12.51133:66-y=41.89193:67-geometry=
Lima:1-source=geonames:2-entityType=loc:3-theme=political:41-vague=non:42-sentiment=neutral:5-id=3936456:51-category=P:52-subcategory=PPLC:61-continent=SA:62-country=PE:63-admin2=:64-admin4=:65-x=-77.02824:66-y=-12.04318:67-geometry=
La Havane:1-source=geonames:2-entityType=loc:3-theme=political:41-vague=non:42-sentiment=neutral:5-id=3553478:51-category=P:52-subcategory=PPLC:61-continent=NA:62-country=CU:63-admin2=:64-admin4=:65-x=-82.38304:66-y=23.13302:67-geometry=
Helsinki:1-source=geonames:2-entityType=loc:3-theme=political:41-vague=non:42-sentiment=neutral:5-id=658225:51-category=P:52-subcategory=PPLC:61-continent=EU:62-country=FI:63-admin2=:64-admin4=:65-x=24.93545:66-y=60.16952:67-geometry=
Skopje:1-source=geonames:2-entityType=loc:3-theme=political:41-vague=non:42-sentiment=neutral:5-id=785842:51-category=P:52-subcategory=PPLC:61-continent=EU:62-country=MK:63-admin2=:64-admin4=:65-x=21.43141:66-y=41.99646:67-geometry=
Pristina:1-source=geonames:2-entityType=loc:3-theme=political:41-vague=non:42-sentiment=neutral:5-id=786714:51-category=P:52-subcategory=PPLC:61-continent=EU:62-country=XK:63-admin2=:64-admin4=:65-x=21.16688:66-y=42.67272:67-geometry=
Minsk:1-source=geonames:2-entityType=loc:3-theme=political:41-vague=non:42-sentiment=neutral:5-id=625144:51-category=P:52-subcategory=PPLC:61-continent=EU:62-country=BY:63-admin2=:64-admin4=:65-x=27.56667:66-y=53.9:67-geometry=
Tallinn:1-source=geonames:2-entityType=loc:3-theme=political:41-vague=non:42-sentiment=neutral:5-id=588409:51-category=P:52-subcategory=PPLC:61-continent=EU:62-country=EE:63-admin2=:64-admin4=:65-x=24.75353:66-y=59.43696:67-geometry=
Belgrade:1-source=geonames:2-entityType=loc:3-theme=political:41-vague=non:42-sentiment=neutral:5-id=792680:51-category=P:52-subcategory=PPLC:61-continent=EU:62-country=RS:63-admin2=:64-admin4=:65-x=20.46513:66-y=44.80401:67-geometry=
Vilnius:1-source=geonames:2-entityType=loc:3-theme=political:41-vague=non:42-sentiment=neutral:5-id=593116:51-category=P:52-subcategory=PPLC:61-continent=EU:62-country=LT:63-admin2=:64-admin4=:65-x=25.2798:66-y=54.68916:67-geometry=
Chişinău:1-source=geonames:2-entityType=loc:3-theme=political:41-vague=non:42-sentiment=neutral:5-id=618426:51-category=P:52-subcategory=PPLC:61-continent=EU:62-country=MD:63-admin2=:64-admin4=:65-x=28.8575:66-y=47.00556:67-geometry=
Wellington:1-source=geonames:2-entityType=loc:3-theme=political:41-vague=non:42-sentiment=neutral:5-id=2179537:51-category=P:52-subcategory=PPLC:61-continent=OC:62-country=NZ:63-admin2=:64-admin4=:65-x=174.77557:66-y=-41.28664:67-geometry=
Brazzaville:1-source=geonames:2-entityType=loc:3-theme=political:41-vague=non:42-sentiment=neutral:5-id=2260535:51-category=P:52-subcategory=PPLC:61-continent=AF:62-country=CG:63-admin2=:64-admin4=:65-x=15.28318:66-y=-4.26613:67-geometry=
Monrovia:1-source=geonames:2-entityType=loc:3-theme=political:41-vague=non:42-sentiment=neutral:5-id=2274895:51-category=P:52-subcategory=PPLC:61-continent=AF:62-country=LR:63-admin2=:64-admin4=:65-x=-10.7969:66-y=6.30054:67-geometry=
Nouméa:1-source=geonames:2-entityType=loc:3-theme=political:41-vague=non:42-sentiment=neutral:5-id=2139521:51-category=P:52-subcategory=PPLC:61-continent=OC:62-country=NC:63-admin2=:64-admin4=:65-x=166.4572:66-y=-22.27631:67-geometry=
Canberra:1-source=geonames:2-entityType=loc:3-theme=political:41-vague=non:42-sentiment=neutral:5-id=2172517:51-category=P:52-subcategory=PPLC:61-continent=OC:62-country=AU:63-admin2=:64-admin4=:65-x=149.12807:66-y=-35.28346:67-geometry=
Yaoundé:1-source=geonames:2-entityType=loc:3-theme=political:41-vague=non:42-sentiment=neutral:5-id=2220957:51-category=P:52-subcategory=PPLC:61-continent=AF:62-country=CM:63-admin2=:64-admin4=:65-x=11.51667:66-y=3.86667:67-geometry=
Suva:1-source=geonames:2-entityType=loc:3-theme=political:41-vague=non:42-sentiment=neutral:5-id=2198148:51-category=P:52-subcategory=PPLC:61-continent=OC:62-country=FJ:63-admin2=:64-admin4=:65-x=178.44149:66-y=-18.14161:67-geometry=
Tripoli:1-source=geonames:2-entityType=loc:3-theme=political:41-vague=non:42-sentiment=neutral:5-id=2210247:51-category=P:52-subcategory=PPLC:61-continent=AF:62-country=LY:63-admin2=:64-admin4=:65-x=13.18746:66-y=32.87519:67-geometry=
Bangui:1-source=geonames:2-entityType=loc:3-theme=political:41-vague=non:42-sentiment=neutral:5-id=2389853:51-category=P:52-subcategory=PPLC:61-continent=AF:62-country=CF:63-admin2=:64-admin4=:65-x=18.55496:66-y=4.36122:67-geometry=
Bissau:1-source=geonames:2-entityType=loc:3-theme=political:41-vague=non:42-sentiment=neutral:5-id=2374775:51-category=P:52-subcategory=PPLC:61-continent=AF:62-country=GW:63-admin2=:64-admin4=:65-x=-15.59767:66-y=11.86357:67-geometry=
Nouakchott:1-source=geonames:2-entityType=loc:3-theme=political:41-vague=non:42-sentiment=neutral:5-id=2377450:51-category=P:52-subcategory=PPLC:61-continent=AF:62-country=MR:63-admin2=:64-admin4=:65-x=-15.9785:66-y=18.08581:67-geometry=
Libreville:1-source=geonames:2-entityType=loc:3-theme=political:41-vague=non:42-sentiment=neutral:5-id=2399697:51-category=P:52-subcategory=PPLC:61-continent=AF:62-country=GA:63-admin2=:64-admin4=:65-x=9.45356:66-y=0.39241:67-geometry=
Porto Novo:1-source=geonames:2-entityType=loc:3-theme=political:41-vague=non:42-sentiment=neutral:5-id=2392087:51-category=P:52-subcategory=PPLC:61-continent=AF:62-country=BJ:63-admin2=:64-admin4=:65-x=2.60359:66-y=6.49646:67-geometry=
Conakry:1-source=geonames:2-entityType=loc:3-theme=political:41-vague=non:42-sentiment=neutral:5-id=2422465:51-category=P:52-subcategory=PPLC:61-continent=AF:62-country=GN:63-admin2=:64-admin4=:65-x=-13.67729:66-y=9.53795:67-geometry=
São Tomé:1-source=geonames:2-entityType=loc:3-theme=political:41-vague=non:42-sentiment=neutral:5-id=2410763:51-category=P:52-subcategory=PPLC:61-continent=AF:62-country=ST:63-admin2=:64-admin4=:65-x=6.72732:66-y=0.33654:67-geometry=
Tunis:1-source=geonames:2-entityType=loc:3-theme=political:41-vague=non:42-sentiment=neutral:5-id=2464470:51-category=P:52-subcategory=PPLC:61-continent=AF:62-country=TN:63-admin2=:64-admin4=:65-x=10.16579:66-y=36.81897:67-geometry=
Bamako:1-source=geonames:2-entityType=loc:3-theme=political:41-vague=non:42-sentiment=neutral:5-id=2460596:51-category=P:52-subcategory=PPLC:61-continent=AF:62-country=ML:63-admin2=:64-admin4=:65-x=-8.0:66-y=12.65:67-geometry=
Lomé:1-source=geonames:2-entityType=loc:3-theme=political:41-vague=non:42-sentiment=neutral:5-id=2365267:51-category=P:52-subcategory=PPLC:61-continent=AF:62-country=TG:63-admin2=:64-admin4=:65-x=1.21227:66-y=6.13748:67-geometry=
Port Moresby:1-source=geonames:2-entityType=loc:3-theme=political:41-vague=non:42-sentiment=neutral:5-id=2088122:51-category=P:52-subcategory=PPLC:61-continent=OC:62-country=PG:63-admin2=:64-admin4=:65-x=147.17972:66-y=-9.44314:67-geometry=
Honiara:1-source=geonames:2-entityType=loc:3-theme=political:41-vague=non:42-sentiment=neutral:5-id=2108502:51-category=P:52-subcategory=PPLC:61-continent=OC:62-country=SB:63-admin2=:64-admin4=:65-x=159.95:66-y=-9.43333:67-geometry=
Malabo:1-source=geonames:2-entityType=loc:3-theme=political:41-vague=non:42-sentiment=neutral:5-id=2309527:51-category=P:52-subcategory=PPLC:61-continent=AF:62-country=GQ:63-admin2=:64-admin4=:65-x=8.78333:66-y=3.75:67-geometry=
Yamoussoukro:1-source=geonames:2-entityType=loc:3-theme=political:41-vague=non:42-sentiment=neutral:5-id=2279755:51-category=P:52-subcategory=PPLC:61-continent=AF:62-country=CI:63-admin2=:64-admin4=:65-x=-5.27674:66-y=6.82055:67-geometry=
Rabat:1-source=geonames:2-entityType=loc:3-theme=political:41-vague=non:42-sentiment=neutral:5-id=2538475:51-category=P:52-subcategory=PPLC:61-continent=AF:62-country=MA:63-admin2=:64-admin4=:65-x=-6.83255:66-y=34.01325:67-geometry=
Oulan-Bator:1-source=geonames:2-entityType=loc:3-theme=political:41-vague=non:42-sentiment=neutral:5-id=2028462:51-category=P:52-subcategory=PPLC:61-continent=AS:62-country=MN:63-admin2=:64-admin4=:65-x=106.88324:66-y=47.90771:67-geometry=
Freetown:1-source=geonames:2-entityType=loc:3-theme=political:41-vague=non:42-sentiment=neutral:5-id=2409306:51-category=P:52-subcategory=PPLC:61-continent=AF:62-country=SL:63-admin2=:64-admin4=:65-x=-13.22994:66-y=8.484:67-geometry=
Ndjamena:1-source=geonames:2-entityType=loc:3-theme=political:41-vague=non:42-sentiment=neutral:5-id=2427123:51-category=P:52-subcategory=PPLC:61-continent=AF:62-country=TD:63-admin2=:64-admin4=:65-x=15.0444:66-y=12.10672:67-geometry=
Niamey:1-source=geonames:2-entityType=loc:3-theme=political:41-vague=non:42-sentiment=neutral:5-id=2440485:51-category=P:52-subcategory=PPLC:61-continent=AF:62-country=NE:63-admin2=:64-admin4=:65-x=2.1098:66-y=13.51366:67-geometry=
Moroni:1-source=geonames:2-entityType=loc:3-theme=political:41-vague=non:42-sentiment=neutral:5-id=921772:51-category=P:52-subcategory=PPLC:61-continent=AF:62-country=KM:63-admin2=:64-admin4=:65-x=43.25506:66-y=-11.70216:67-geometry=
Mamoudzou:1-source=geonames:2-entityType=loc:3-theme=political:41-vague=non:42-sentiment=neutral:5-id=921815:51-category=P:52-subcategory=PPLC:61-continent=AF:62-country=YT:63-admin2=:64-admin4=:65-x=45.22878:66-y=-12.78234:67-geometry=
Lilongwe:1-source=geonames:2-entityType=loc:3-theme=political:41-vague=non:42-sentiment=neutral:5-id=927967:51-category=P:52-subcategory=PPLC:61-continent=AF:62-country=MW:63-admin2=:64-admin4=:65-x=33.78725:66-y=-13.96692:67-geometry=
Maseru:1-source=geonames:2-entityType=loc:3-theme=political:41-vague=non:42-sentiment=neutral:5-id=932505:51-category=P:52-subcategory=PPLC:61-continent=AF:62-country=LS:63-admin2=:64-admin4=:65-x=27.48333:66-y=-29.31667:67-geometry=
Gaborone:1-source=geonames:2-entityType=loc:3-theme=political:41-vague=non:42-sentiment=neutral:5-id=933773:51-category=P:52-subcategory=PPLC:61-continent=AF:62-country=BW:63-admin2=:64-admin4=:65-x=25.90859:66-y=-24.65451:67-geometry=
Port-Louis:1-source=geonames:2-entityType=loc:3-theme=political:41-vague=non:42-sentiment=neutral:5-id=934154:51-category=P:52-subcategory=PPLC:61-continent=AF:62-country=MU:63-admin2=:64-admin4=:65-x=57.49889:66-y=-20.16194:67-geometry=
Harare:1-source=geonames:2-entityType=loc:3-theme=political:41-vague=non:42-sentiment=neutral:5-id=890299:51-category=P:52-subcategory=PPLC:61-continent=AF:62-country=ZW:63-admin2=:64-admin4=:65-x=31.05337:66-y=-17.82772:67-geometry=
Pretoria:1-source=geonames:2-entityType=loc:3-theme=political:41-vague=non:42-sentiment=neutral:5-id=964137:51-category=P:52-subcategory=PPLC:61-continent=AF:62-country=ZA:63-admin2=:64-admin4=:65-x=28.18783:66-y=-25.74486:67-geometry=
Mbabane:1-source=geonames:2-entityType=loc:3-theme=political:41-vague=non:42-sentiment=neutral:5-id=934985:51-category=P:52-subcategory=PPLC:61-continent=AF:62-country=SZ:63-admin2=:64-admin4=:65-x=31.13333:66-y=-26.31667:67-geometry=
Douchanbé:1-source=geonames:2-entityType=loc:3-theme=political:41-vague=non:42-sentiment=neutral:5-id=1221874:51-category=P:52-subcategory=PPLC:61-continent=AS:62-country=TJ:63-admin2=:64-admin4=:65-x=68.77905:66-y=38.53575:67-geometry=
Colombo:1-source=geonames:2-entityType=loc:3-theme=political:41-vague=non:42-sentiment=neutral:5-id=1248991:51-category=P:52-subcategory=PPLC:61-continent=AS:62-country=LK:63-admin2=:64-admin4=:65-x=79.84778:66-y=6.93194:67-geometry=
Thimphou:1-source=geonames:2-entityType=loc:3-theme=political:41-vague=non:42-sentiment=neutral:5-id=1252416:51-category=P:52-subcategory=PPLC:61-continent=AS:62-country=BT:63-admin2=:64-admin4=:65-x=89.64191:66-y=27.46609:67-geometry=
Malé:1-source=geonames:2-entityType=loc:3-theme=political:41-vague=non:42-sentiment=neutral:5-id=1282027:51-category=P:52-subcategory=PPLC:61-continent=AS:62-country=MV:63-admin2=:64-admin4=:65-x=73.50888:66-y=4.1748:67-geometry=
Vienne:1-source=geonames:2-entityType=loc:3-theme=political:41-vague=non:42-sentiment=neutral:5-id=2761369:51-category=P:52-subcategory=PPLC:61-continent=EU:62-country=AT:63-admin2=:64-admin4=:65-x=16.37208:66-y=48.20849:67-geometry=
Amsterdam:1-source=geonames:2-entityType=loc:3-theme=political:41-vague=non:42-sentiment=neutral:5-id=2759794:51-category=P:52-subcategory=PPLC:61-continent=EU:62-country=NL:63-admin2=:64-admin4=:65-x=4.88969:66-y=52.37403:67-geometry=
Luxembourg:1-source=geonames:2-entityType=loc:3-theme=political:41-vague=non:42-sentiment=neutral:5-id=2960316:51-category=P:52-subcategory=PPLC:61-continent=EU:62-country=LU:63-admin2=:64-admin4=:65-x=6.13:66-y=49.61167:67-geometry=
Bratislava:1-source=geonames:2-entityType=loc:3-theme=political:41-vague=non:42-sentiment=neutral:5-id=3060972:51-category=P:52-subcategory=PPLC:61-continent=EU:62-country=SK:63-admin2=:64-admin4=:65-x=17.10674:66-y=48.14816:67-geometry=
Copenhague:1-source=geonames:2-entityType=loc:3-theme=political:41-vague=non:42-sentiment=neutral:5-id=2618425:51-category=P:52-subcategory=PPLC:61-continent=EU:62-country=DK:63-admin2=:64-admin4=:65-x=12.56553:66-y=55.67594:67-geometry=
Macao:1-source=geonames:2-entityType=loc:3-theme=political:41-vague=non:42-sentiment=neutral:5-id=1821274:51-category=P:52-subcategory=PPLC:61-continent=AS:62-country=MO:63-admin2=:64-admin4=:65-x=113.54611:66-y=22.20056:67-geometry=
Vientiane:1-source=geonames:2-entityType=loc:3-theme=political:41-vague=non:42-sentiment=neutral:5-id=1651944:51-category=P:52-subcategory=PPLC:61-continent=AS:62-country=LA:63-admin2=:64-admin4=:65-x=102.6:66-y=17.96667:67-geometry=
Dili:1-source=geonames:2-entityType=loc:3-theme=political:41-vague=non:42-sentiment=neutral:5-id=1645457:51-category=P:52-subcategory=PPLC:61-continent=OC:62-country=TL:63-admin2=:64-admin4=:65-x=125.57361:66-y=-8.55861:67-geometry=
Bandar Seri Begawan:1-source=geonames:2-entityType=loc:3-theme=political:41-vague=non:42-sentiment=neutral:5-id=1820906:51-category=P:52-subcategory=PPLC:61-continent=AS:62-country=BN:63-admin2=:64-admin4=:65-x=114.94806:66-y=4.94029:67-geometry=
Astana:1-source=geonames:2-entityType=loc:3-theme=political:41-vague=non:42-sentiment=neutral:5-id=1526273:51-category=P:52-subcategory=PPLC:61-continent=AS:62-country=KZ:63-admin2=:64-admin4=:65-x=71.44598:66-y=51.1801:67-geometry=
Bichkek:1-source=geonames:2-entityType=loc:3-theme=political:41-vague=non:42-sentiment=neutral:5-id=1528675:51-category=P:52-subcategory=PPLC:61-continent=AS:62-country=KG:63-admin2=:64-admin4=:65-x=74.59:66-y=42.87:67-geometry=
Singapour:1-source=geonames:2-entityType=loc:3-theme=political:41-vague=non:42-sentiment=neutral:5-id=1880252:51-category=P:52-subcategory=PPLC:61-continent=AS:62-country=SG:63-admin2=:64-admin4=:65-x=103.85007:66-y=1.28967:67-geometry=
Asmara:1-source=geonames:2-entityType=loc:3-theme=political:41-vague=non:42-sentiment=neutral:5-id=343300:51-category=P:52-subcategory=PPLC:61-continent=AF:62-country=ER:63-admin2=:64-admin4=:65-x=38.93184:66-y=15.33805:67-geometry=
Djouba:1-source=geonames:2-entityType=loc:3-theme=political:41-vague=non:42-sentiment=neutral:5-id=373303:51-category=P:52-subcategory=PPLC:61-continent=AF:62-country=SS:63-admin2=:64-admin4=:65-x=31.58247:66-y=4.85165:67-geometry=
Khartoum:1-source=geonames:2-entityType=loc:3-theme=political:41-vague=non:42-sentiment=neutral:5-id=379252:51-category=P:52-subcategory=PPLC:61-continent=AF:62-country=SD:63-admin2=:64-admin4=:65-x=32.53241:66-y=15.55177:67-geometry=
Achgabat:1-source=geonames:2-entityType=loc:3-theme=political:41-vague=non:42-sentiment=neutral:5-id=162183:51-category=P:52-subcategory=PPLC:61-continent=AS:62-country=TM:63-admin2=:64-admin4=:65-x=58.38333:66-y=37.95:67-geometry=
Kigali:1-source=geonames:2-entityType=loc:3-theme=political:41-vague=non:42-sentiment=neutral:5-id=202061:51-category=P:52-subcategory=PPLC:61-continent=AF:62-country=RW:63-admin2=:64-admin4=:65-x=30.05885:66-y=-1.94995:67-geometry=
Djibouti:1-source=geonames:2-entityType=loc:3-theme=political:41-vague=non:42-sentiment=neutral:5-id=223817:51-category=P:52-subcategory=PPLC:61-continent=AF:62-country=DJ:63-admin2=:64-admin4=:65-x=43.14503:66-y=11.58901:67-geometry=
Bujumbura:1-source=geonames:2-entityType=loc:3-theme=political:41-vague=non:42-sentiment=neutral:5-id=425378:51-category=P:52-subcategory=PPLC:61-continent=AF:62-country=BI:63-admin2=:64-admin4=:65-x=29.3644:66-y=-3.3822:67-geometry=
Riga:1-source=geonames:2-entityType=loc:3-theme=political:41-vague=non:42-sentiment=neutral:5-id=456172:51-category=P:52-subcategory=PPLC:61-continent=EU:62-country=LV:63-admin2=:64-admin4=:65-x=24.10589:66-y=56.946:67-geometry=
Mascate:1-source=geonames:2-entityType=loc:3-theme=political:41-vague=non:42-sentiment=neutral:5-id=287286:51-category=P:52-subcategory=PPLC:61-continent=AS:62-country=OM:63-admin2=:64-admin4=:65-x=58.40778:66-y=23.58413:67-geometry=
Athènes:1-source=geonames:2-entityType=loc:3-theme=political:41-vague=non:42-sentiment=neutral:5-id=264371:51-category=P:52-subcategory=PPLC:61-continent=EU:62-country=GR:63-admin2=:64-admin4=:65-x=23.71622:66-y=37.97945:67-geometry=
Doha:1-source=geonames:2-entityType=loc:3-theme=political:41-vague=non:42-sentiment=neutral:5-id=290030:51-category=P:52-subcategory=PPLC:61-continent=AS:62-country=QA:63-admin2=:64-admin4=:65-x=51.52245:66-y=25.27932:67-geometry=
Manama:1-source=geonames:2-entityType=loc:3-theme=political:41-vague=non:42-sentiment=neutral:5-id=290340:51-category=P:52-subcategory=PPLC:61-continent=AS:62-country=BH:63-admin2=:64-admin4=:65-x=50.58565:66-y=26.22787:67-geometry=
Abou Dabi:1-source=geonames:2-entityType=loc:3-theme=political:41-vague=non:42-sentiment=neutral:5-id=292968:51-category=P:52-subcategory=PPLC:61-continent=AS:62-country=AE:63-admin2=:64-admin4=:65-x=54.36667:66-y=24.46667:67-geometry=
Sanaa:1-source=geonames:2-entityType=loc:3-theme=political:41-vague=non:42-sentiment=neutral:5-id=71137:51-category=P:52-subcategory=PPLC:61-continent=AS:62-country=YE:63-admin2=:64-admin4=:65-x=44.20667:66-y=15.35472:67-geometry=
Nicosie:1-source=geonames:2-entityType=loc:3-theme=political:41-vague=non:42-sentiment=neutral:5-id=146268:51-category=P:52-subcategory=PPLC:61-continent=EU:62-country=CY:63-admin2=:64-admin4=:65-x=33.3642:66-y=35.17531:67-geometry=
Kuala Lumpur:1-source=geonames:2-entityType=loc:3-theme=political:41-vague=non:42-sentiment=neutral:5-id=1735161:51-category=P:52-subcategory=PPLC:61-continent=AS:62-country=MY:63-admin2=:64-admin4=:65-x=101.68653:66-y=3.1412:67-geometry=
Cayenne:1-source=geonames:2-entityType=loc:3-theme=political:41-vague=non:42-sentiment=neutral:5-id=3382160:51-category=P:52-subcategory=PPLC:61-continent=SA:62-country=GF:63-admin2=:64-admin4=:65-x=-52.33333:66-y=4.93333:67-geometry=
Paramaribo:1-source=geonames:2-entityType=loc:3-theme=political:41-vague=non:42-sentiment=neutral:5-id=3383330:51-category=P:52-subcategory=PPLC:61-continent=SA:62-country=SR:63-admin2=:64-admin4=:65-x=-55.16682:66-y=5.86638:67-geometry=
Bridgetown:1-source=geonames:2-entityType=loc:3-theme=political:41-vague=non:42-sentiment=neutral:5-id=3374036:51-category=P:52-subcategory=PPLC:61-continent=NA:62-country=BB:63-admin2=:64-admin4=:65-x=-59.62021:66-y=13.10732:67-geometry=
Praia:1-source=geonames:2-entityType=loc:3-theme=political:41-vague=non:42-sentiment=neutral:5-id=3374333:51-category=P:52-subcategory=PPLC:61-continent=AF:62-country=CV:63-admin2=:64-admin4=:65-x=-23.51254:66-y=14.93152:67-geometry=
Georgetown:1-source=geonames:2-entityType=loc:3-theme=political:41-vague=non:42-sentiment=neutral:5-id=3378644:51-category=P:52-subcategory=PPLC:61-continent=SA:62-country=GY:63-admin2=:64-admin4=:65-x=-58.15527:66-y=6.80448:67-geometry=
Ljubljana:1-source=geonames:2-entityType=loc:3-theme=political:41-vague=non:42-sentiment=neutral:5-id=3196359:51-category=P:52-subcategory=PPLC:61-continent=EU:62-country=SI:63-admin2=:64-admin4=:65-x=14.50513:66-y=46.05108:67-geometry=
Asunción:1-source=geonames:2-entityType=loc:3-theme=political:41-vague=non:42-sentiment=neutral:5-id=3439389:51-category=P:52-subcategory=PPLC:61-continent=SA:62-country=PY:63-admin2=:64-admin4=:65-x=-57.63591:66-y=-25.30066:67-geometry=
Montevideo:1-source=geonames:2-entityType=loc:3-theme=political:41-vague=non:42-sentiment=neutral:5-id=3441575:51-category=P:52-subcategory=PPLC:61-continent=SA:62-country=UY:63-admin2=:64-admin4=:65-x=-56.18816:66-y=-34.90328:67-geometry=
Windhoek:1-source=geonames:2-entityType=loc:3-theme=political:41-vague=non:42-sentiment=neutral:5-id=3352136:51-category=P:52-subcategory=PPLC:61-continent=AF:62-country=NA:63-admin2=:64-admin4=:65-x=17.08323:66-y=-22.55941:67-geometry=
Brasilia:1-source=geonames:2-entityType=loc:3-theme=political:41-vague=non:42-sentiment=neutral:5-id=3469058:51-category=P:52-subcategory=PPLC:61-continent=SA:62-country=BR:63-admin2=:64-admin4=:65-x=-47.92972:66-y=-15.77972:67-geometry=
Port-au-Prince:1-source=geonames:2-entityType=loc:3-theme=political:41-vague=non:42-sentiment=neutral:5-id=3718426:51-category=P:52-subcategory=PPLC:61-continent=NA:62-country=HT:63-admin2=:64-admin4=:65-x=-72.335:66-y=18.53917:67-geometry=
Quito:1-source=geonames:2-entityType=loc:3-theme=political:41-vague=non:42-sentiment=neutral:5-id=3652462:51-category=P:52-subcategory=PPLC:61-continent=SA:62-country=EC:63-admin2=:64-admin4=:65-x=-78.52495:66-y=-0.22985:67-geometry=
Managua:1-source=geonames:2-entityType=loc:3-theme=political:41-vague=non:42-sentiment=neutral:5-id=3617763:51-category=P:52-subcategory=PPLC:61-continent=NA:62-country=NI:63-admin2=:64-admin4=:65-x=-86.2504:66-y=12.13282:67-geometry=
Kingston:1-source=geonames:2-entityType=loc:3-theme=political:41-vague=non:42-sentiment=neutral:5-id=3489854:51-category=P:52-subcategory=PPLC:61-continent=NA:62-country=JM:63-admin2=:64-admin4=:65-x=-76.79358:66-y=17.99702:67-geometry=
Santo Domingo:1-source=geonames:2-entityType=loc:3-theme=political:41-vague=non:42-sentiment=neutral:5-id=3492908:51-category=P:52-subcategory=PPLC:61-continent=NA:62-country=DO:63-admin2=:64-admin4=:65-x=-69.98857:66-y=18.50012:67-geometry=
Sucre:1-source=geonames:2-entityType=loc:3-theme=political:41-vague=non:42-sentiment=neutral:5-id=3903987:51-category=P:52-subcategory=PPLC:61-continent=SA:62-country=BO:63-admin2=:64-admin4=:65-x=-65.26274:66-y=-19.03332:67-geometry=
Panamá:1-source=geonames:2-entityType=loc:3-theme=political:41-vague=non:42-sentiment=neutral:5-id=3703443:51-category=P:52-subcategory=PPLC:61-continent=NA:62-country=PA:63-admin2=:64-admin4=:65-x=-79.51973:66-y=8.9936:67-geometry=
Willemstad:1-source=geonames:2-entityType=loc:3-theme=political:41-vague=non:42-sentiment=neutral:5-id=3513090:51-category=P:52-subcategory=PPLC:61-continent=NA:62-country=CW:63-admin2=:64-admin4=:65-x=-68.93354:66-y=12.1084:67-geometry=
Nassau:1-source=geonames:2-entityType=loc:3-theme=political:41-vague=non:42-sentiment=neutral:5-id=3571824:51-category=P:52-subcategory=PPLC:61-continent=NA:62-country=BS:63-admin2=:64-admin4=:65-x=-77.34306:66-y=25.05823:67-geometry=
San José:1-source=geonames:2-entityType=loc:3-theme=political:41-vague=non:42-sentiment=neutral:5-id=3621849:51-category=P:52-subcategory=PPLC:61-continent=NA:62-country=CR:63-admin2=:64-admin4=:65-x=-84.08333:66-y=9.93333:67-geometry=
Oslo:1-source=geonames:2-entityType=loc:3-theme=political:41-vague=non:42-sentiment=neutral:5-id=3143244:51-category=P:52-subcategory=PPLC:61-continent=EU:62-country=NO:63-admin2=:64-admin4=:65-x=10.74609:66-y=59.91273:67-geometry=
Sarajevo:1-source=geonames:2-entityType=loc:3-theme=political:41-vague=non:42-sentiment=neutral:5-id=3191281:51-category=P:52-subcategory=PPLC:61-continent=EU:62-country=BA:63-admin2=:64-admin4=:65-x=18.35644:66-y=43.84864:67-geometry=
Tirana:1-source=geonames:2-entityType=loc:3-theme=political:41-vague=non:42-sentiment=neutral:5-id=3183875:51-category=P:52-subcategory=PPLC:61-continent=EU:62-country=AL:63-admin2=:64-admin4=:65-x=19.81889:66-y=41.3275:67-geometry=
Zagreb:1-source=geonames:2-entityType=loc:3-theme=political:41-vague=non:42-sentiment=neutral:5-id=3186886:51-category=P:52-subcategory=PPLC:61-continent=EU:62-country=HR:63-admin2=:64-admin4=:65-x=15.97798:66-y=45.81444:67-geometry=
Podgorica:1-source=geonames:2-entityType=loc:3-theme=political:41-vague=non:42-sentiment=neutral:5-id=3193044:51-category=P:52-subcategory=PPLC:61-continent=EU:62-country=ME:63-admin2=:64-admin4=:65-x=19.26361:66-y=42.44111:67-geometry=
San Juan:1-source=geonames:2-entityType=loc:3-theme=political:41-vague=non:42-sentiment=neutral:5-id=4568127:51-category=P:52-subcategory=PPLC:61-continent=NA:62-country=PR:63-admin2=:64-admin4=:65-x=-66.10572:66-y=18.46633:67-geometry=
Washington:1-source=geonames:2-entityType=loc:3-theme=political:41-vague=non:42-sentiment=neutral:5-id=4140963:51-category=P:52-subcategory=PPLC:61-continent=NA:62-country=US:63-admin2=:64-admin4=:65-x=-77.03637:66-y=38.89511:67-geometry=
Ottawa:1-source=geonames:2-entityType=loc:3-theme=political:41-vague=non:42-sentiment=neutral:5-id=6094817:51-category=P:52-subcategory=PPLC:61-continent=NA:62-country=CA:63-admin2=:64-admin4=:65-x=-75.69812:66-y=45.41117:67-geometry=
San Salvador:1-source=geonames:2-entityType=loc:3-theme=political:41-vague=non:42-sentiment=neutral:5-id=3583361:51-category=P:52-subcategory=PPLC:61-continent=NA:62-country=SV:63-admin2=:64-admin4=:65-x=-89.18718:66-y=13.68935:67-geometry=
Guatemala:1-source=geonames:2-entityType=loc:3-theme=political:41-vague=non:42-sentiment=neutral:5-id=3598132:51-category=P:52-subcategory=PPLC:61-continent=NA:62-country=GT:63-admin2=:64-admin4=:65-x=-90.51327:66-y=14.64072:67-geometry=
Tegucigalpa:1-source=geonames:2-entityType=loc:3-theme=political:41-vague=non:42-sentiment=neutral:5-id=3600949:51-category=P:52-subcategory=PPLC:61-continent=NA:62-country=HN:63-admin2=:64-admin4=:65-x=-87.20681:66-y=14.0818:67-geometry=
Fort-de-France:1-source=geonames:2-entityType=loc:3-theme=political:41-vague=non:42-sentiment=neutral:5-id=3570675:51-category=P:52-subcategory=PPLC:61-continent=NA:62-country=MQ:63-admin2=:64-admin4=:65-x=-61.07334:66-y=14.60892:67-geometry=
Nay Pyi Taw:1-source=geonames:2-entityType=loc:3-theme=political:41-vague=non:42-sentiment=neutral:5-id=6611854:51-category=P:52-subcategory=PPLC:61-continent=AS:62-country=MM:63-admin2=:64-admin4=:65-x=96.12972:66-y=19.745:67-geometry=
Gibraltar:1-source=geonames:2-entityType=loc:3-theme=political:41-vague=non:42-sentiment=neutral:5-id=2411585:51-category=P:52-subcategory=PPLC:61-continent=EU:62-country=GI:63-admin2=:64-admin4=:65-x=-5.35257:66-y=36.14474:67-geometry=
Banjul:1-source=geonames:2-entityType=loc:3-theme=political:41-vague=non:42-sentiment=neutral:5-id=2413876:51-category=P:52-subcategory=PPLC:61-continent=AF:62-country=GM:63-admin2=:64-admin4=:65-x=-16.57803:66-y=13.45274:67-geometry=
Port-Vila:1-source=geonames:2-entityType=loc:3-theme=political:41-vague=non:42-sentiment=neutral:5-id=2135171:51-category=P:52-subcategory=PPLC:61-continent=OC:62-country=VU:63-admin2=:64-admin4=:65-x=168.32188:66-y=-17.73381:67-geometry=
Andorre-la-Vieille:1-source=geonames:2-entityType=loc:3-theme=political:41-vague=non:42-sentiment=neutral:5-id=3041563:51-category=P:52-subcategory=PPLC:61-continent=EU:62-country=AD:63-admin2=:64-admin4=:65-x=1.52109:66-y=42.50779:67-geometry=
Mariehamn:1-source=geonames:2-entityType=loc:3-theme=political:41-vague=non:42-sentiment=neutral:5-id=3041732:51-category=P:52-subcategory=PPLC:61-continent=EU:62-country=AX:63-admin2=:64-admin4=:65-x=19.93481:66-y=60.09726:67-geometry=
Vaduz:1-source=geonames:2-entityType=loc:3-theme=political:41-vague=non:42-sentiment=neutral:5-id=3042030:51-category=P:52-subcategory=PPLC:61-continent=EU:62-country=LI:63-admin2=:64-admin4=:65-x=9.52154:66-y=47.14151:67-geometry=
Douglas:1-source=geonames:2-entityType=loc:3-theme=political:41-vague=non:42-sentiment=neutral:5-id=3042237:51-category=P:52-subcategory=PPLC:61-continent=EU:62-country=IM:63-admin2=:64-admin4=:65-x=-4.48333:66-y=54.15:67-geometry=
Saint-Pierre-Port:1-source=geonames:2-entityType=loc:3-theme=political:41-vague=non:42-sentiment=neutral:5-id=3042287:51-category=P:52-subcategory=PPLC:61-continent=EU:62-country=GG:63-admin2=:64-admin4=:65-x=-2.53527:66-y=49.45981:67-geometry=
Tórshavn:1-source=geonames:2-entityType=loc:3-theme=political:41-vague=non:42-sentiment=neutral:5-id=2611396:51-category=P:52-subcategory=PPLC:61-continent=EU:62-country=FO:63-admin2=:64-admin4=:65-x=-6.77164:66-y=62.00973:67-geometry=
Monaco:1-source=geonames:2-entityType=loc:3-theme=political:41-vague=non:42-sentiment=neutral:5-id=2993458:51-category=P:52-subcategory=PPLC:61-continent=EU:62-country=MC:63-admin2=:64-admin4=:65-x=7.41667:66-y=43.73333:67-geometry=
Dodoma:1-source=geonames:2-entityType=loc:3-theme=political:41-vague=non:42-sentiment=neutral:5-id=160196:51-category=P:52-subcategory=PPLC:61-continent=AF:62-country=TZ:63-admin2=:64-admin4=:65-x=35.73947:66-y=-6.17221:67-geometry=
Victoria:1-source=geonames:2-entityType=loc:3-theme=political:41-vague=non:42-sentiment=neutral:5-id=241131:51-category=P:52-subcategory=PPLC:61-continent=AF:62-country=SC:63-admin2=:64-admin4=:65-x=55.45:66-y=-4.61667:67-geometry=
Port Stanley:1-source=geonames:2-entityType=loc:3-theme=political:41-vague=non:42-sentiment=neutral:5-id=3426691:51-category=P:52-subcategory=PPLC:61-continent=SA:62-country=FK:63-admin2=:64-admin4=:65-x=-57.85:66-y=-51.7:67-geometry=
Nuuk:1-source=geonames:2-entityType=loc:3-theme=political:41-vague=non:42-sentiment=neutral:5-id=3421319:51-category=P:52-subcategory=PPLC:61-continent=NA:62-country=GL:63-admin2=:64-admin4=:65-x=-51.72157:66-y=64.18347:67-geometry=
Port-d'Espagne:1-source=geonames:2-entityType=loc:3-theme=political:41-vague=non:42-sentiment=neutral:5-id=3573890:51-category=P:52-subcategory=PPLC:61-continent=NA:62-country=TT:63-admin2=:64-admin4=:65-x=-61.51889:66-y=10.66668:67-geometry=
Basseterre:1-source=geonames:2-entityType=loc:3-theme=political:41-vague=non:42-sentiment=neutral:5-id=3575551:51-category=P:52-subcategory=PPLC:61-continent=NA:62-country=KN:63-admin2=:64-admin4=:65-x=-62.7261:66-y=17.29484:67-geometry=
Roseau:1-source=geonames:2-entityType=loc:3-theme=political:41-vague=non:42-sentiment=neutral:5-id=3575635:51-category=P:52-subcategory=PPLC:61-continent=NA:62-country=DM:63-admin2=:64-admin4=:65-x=-61.38808:66-y=15.30174:67-geometry=
Castries:1-source=geonames:2-entityType=loc:3-theme=political:41-vague=non:42-sentiment=neutral:5-id=3576812:51-category=P:52-subcategory=PPLC:61-continent=NA:62-country=LC:63-admin2=:64-admin4=:65-x=-61.00614:66-y=13.9957:67-geometry=
Oranjestad:1-source=geonames:2-entityType=loc:3-theme=political:41-vague=non:42-sentiment=neutral:5-id=3577154:51-category=P:52-subcategory=PPLC:61-continent=NA:62-country=AW:63-admin2=:64-admin4=:65-x=-70.02703:66-y=12.52398:67-geometry=
Kingstown:1-source=geonames:2-entityType=loc:3-theme=political:41-vague=non:42-sentiment=neutral:5-id=3577887:51-category=P:52-subcategory=PPLC:61-continent=NA:62-country=VC:63-admin2=:64-admin4=:65-x=-61.22742:66-y=13.15527:67-geometry=
George Town:1-source=geonames:2-entityType=loc:3-theme=political:41-vague=non:42-sentiment=neutral:5-id=3580661:51-category=P:52-subcategory=PPLC:61-continent=NA:62-country=KY:63-admin2=:64-admin4=:65-x=-81.37436:66-y=19.2866:67-geometry=
Charlotte Amalie:1-source=geonames:2-entityType=loc:3-theme=political:41-vague=non:42-sentiment=neutral:5-id=4795467:51-category=P:52-subcategory=PPLC:61-continent=NA:62-country=VI:63-admin2=:64-admin4=:65-x=-64.9307:66-y=18.3419:67-geometry=
Papeete:1-source=geonames:2-entityType=loc:3-theme=political:41-vague=non:42-sentiment=neutral:5-id=4033936:51-category=P:52-subcategory=PPLC:61-continent=OC:62-country=PF:63-admin2=:64-admin4=:65-x=-149.5665:66-y=-17.53733:67-geometry=
Apia:1-source=geonames:2-entityType=loc:3-theme=political:41-vague=non:42-sentiment=neutral:5-id=4035413:51-category=P:52-subcategory=PPLC:61-continent=OC:62-country=WS:63-admin2=:64-admin4=:65-x=-171.76666:66-y=-13.83333:67-geometry=
Avarua:1-source=geonames:2-entityType=loc:3-theme=political:41-vague=non:42-sentiment=neutral:5-id=4035715:51-category=P:52-subcategory=PPLC:61-continent=OC:62-country=CK:63-admin2=:64-admin4=:65-x=-159.775:66-y=-21.20778:67-geometry=
Nuku'alofa:1-source=geonames:2-entityType=loc:3-theme=political:41-vague=non:42-sentiment=neutral:5-id=4032402:51-category=P:52-subcategory=PPLC:61-continent=OC:62-country=TO:63-admin2=:64-admin4=:65-x=-175.2018:66-y=-21.13938:67-geometry=
Pago Pago:1-source=geonames:2-entityType=loc:3-theme=political:41-vague=non:42-sentiment=neutral:5-id=5881576:51-category=P:52-subcategory=PPLC:61-continent=OC:62-country=AS:63-admin2=:64-admin4=:65-x=-170.7025:66-y=-14.27806:67-geometry=
Kingston:1-source=geonames:2-entityType=loc:3-theme=political:41-vague=non:42-sentiment=neutral:5-id=2161314:51-category=P:52-subcategory=PPLC:61-continent=OC:62-country=NF:63-admin2=:64-admin4=:65-x=167.96628:66-y=-29.05459:67-geometry=
Abuja:1-source=geonames:2-entityType=loc:3-theme=political:41-vague=non:42-sentiment=neutral:5-id=2352778:51-category=P:52-subcategory=PPLC:61-continent=AF:62-country=NG:63-admin2=:64-admin4=:65-x=7.49508:66-y=9.05785:67-geometry=
Flying Fish Cove:1-source=geonames:2-entityType=loc:3-theme=political:41-vague=non:42-sentiment=neutral:5-id=2078127:51-category=P:52-subcategory=PPLC:61-continent=AS:62-country=CX:63-admin2=:64-admin4=:65-x=105.67912:66-y=-10.42172:67-geometry=
Tarawa:1-source=geonames:2-entityType=loc:3-theme=political:41-vague=non:42-sentiment=neutral:5-id=2110257:51-category=P:52-subcategory=PPLC:61-continent=OC:62-country=KI:63-admin2=:64-admin4=:65-x=172.97696:66-y=1.3278:67-geometry=
Funafuti:1-source=geonames:2-entityType=loc:3-theme=political:41-vague=non:42-sentiment=neutral:5-id=2110394:51-category=P:52-subcategory=PPLC:61-continent=OC:62-country=TV:63-admin2=:64-admin4=:65-x=179.19417:66-y=-8.52425:67-geometry=
Majuro:1-source=geonames:2-entityType=loc:3-theme=political:41-vague=non:42-sentiment=neutral:5-id=2113779:51-category=P:52-subcategory=PPLC:61-continent=OC:62-country=MH:63-admin2=:64-admin4=:65-x=171.38027:66-y=7.08971:67-geometry=
Islamabad:1-source=geonames:2-entityType=loc:3-theme=political:41-vague=non:42-sentiment=neutral:5-id=1176615:51-category=P:52-subcategory=PPLC:61-continent=AS:62-country=PK:63-admin2=:64-admin4=:65-x=73.04329:66-y=33.72148:67-geometry=
New Delhi:1-source=geonames:2-entityType=loc:3-theme=political:41-vague=non:42-sentiment=neutral:5-id=1261481:51-category=P:52-subcategory=PPLC:61-continent=AS:62-country=IN:63-admin2=:64-admin4=:65-x=77.22445:66-y=28.63576:67-geometry=
Longyearbyen:1-source=geonames:2-entityType=loc:3-theme=political:41-vague=non:42-sentiment=neutral:5-id=2729907:51-category=P:52-subcategory=PPLC:61-continent=EU:62-country=SJ:63-admin2=:64-admin4=:65-x=15.64689:66-y=78.22334:67-geometry=
Saint-Hélier:1-source=geonames:2-entityType=loc:3-theme=political:41-vague=non:42-sentiment=neutral:5-id=3042091:51-category=P:52-subcategory=PPLC:61-continent=EU:62-country=JE:63-admin2=:64-admin4=:65-x=-2.10491:66-y=49.18804:67-geometry=
Port-aux-Français:1-source=geonames:2-entityType=loc:3-theme=political:41-vague=non:42-sentiment=neutral:5-id=1546102:51-category=P:52-subcategory=PPLC:61-continent=AN:62-country=TF:63-admin2=:64-admin4=:65-x=70.21667:66-y=-49.35:67-geometry=
Koweït:1-source=geonames:2-entityType=loc:3-theme=political:41-vague=non:42-sentiment=neutral:5-id=285787:51-category=P:52-subcategory=PPLC:61-continent=AS:62-country=KW:63-admin2=:64-admin4=:65-x=47.97833:66-y=29.36972:67-geometry=
Jamestown:1-source=geonames:2-entityType=loc:3-theme=political:41-vague=non:42-sentiment=neutral:5-id=3370903:51-category=P:52-subcategory=PPLC:61-continent=AF:62-country=SH:63-admin2=:64-admin4=:65-x=-5.71675:66-y=-15.93872:67-geometry=
Kralendijk:1-source=geonames:2-entityType=loc:3-theme=political:41-vague=non:42-sentiment=neutral:5-id=3513563:51-category=P:52-subcategory=PPLC:61-continent=NA:62-country=BQ:63-admin2=:64-admin4=:65-x=-68.26667:66-y=12.15:67-geometry=
Grytviken:1-source=geonames:2-entityType=loc:3-theme=political:41-vague=non:42-sentiment=neutral:5-id=3426466:51-category=P:52-subcategory=PPLC:61-continent=AN:62-country=GS:63-admin2=:64-admin4=:65-x=-36.5092:66-y=-54.28111:67-geometry=
Saint-Pierre:1-source=geonames:2-entityType=loc:3-theme=political:41-vague=non:42-sentiment=neutral:5-id=3424934:51-category=P:52-subcategory=PPLC:61-continent=NA:62-country=PM:63-admin2=:64-admin4=:65-x=-56.1773:66-y=46.77914:67-geometry=
Hamilton:1-source=geonames:2-entityType=loc:3-theme=political:41-vague=non:42-sentiment=neutral:5-id=3573197:51-category=P:52-subcategory=PPLC:61-continent=NA:62-country=BM:63-admin2=:64-admin4=:65-x=-64.78303:66-y=32.2949:67-geometry=
The Valley:1-source=geonames:2-entityType=loc:3-theme=political:41-vague=non:42-sentiment=neutral:5-id=3573374:51-category=P:52-subcategory=PPLC:61-continent=NA:62-country=AI:63-admin2=:64-admin4=:65-x=-63.05783:66-y=18.21704:67-geometry=
Saint John's:1-source=geonames:2-entityType=loc:3-theme=political:41-vague=non:42-sentiment=neutral:5-id=3576022:51-category=P:52-subcategory=PPLC:61-continent=NA:62-country=AG:63-admin2=:64-admin4=:65-x=-61.84573:66-y=17.11717:67-geometry=
Cockburn Town:1-source=geonames:2-entityType=loc:3-theme=political:41-vague=non:42-sentiment=neutral:5-id=3576994:51-category=P:52-subcategory=PPLC:61-continent=NA:62-country=TC:63-admin2=:64-admin4=:65-x=-71.14188:66-y=21.46122:67-geometry=
Road Town:1-source=geonames:2-entityType=loc:3-theme=political:41-vague=non:42-sentiment=neutral:5-id=3577430:51-category=P:52-subcategory=PPLC:61-continent=NA:62-country=VG:63-admin2=:64-admin4=:65-x=-64.62079:66-y=18.42693:67-geometry=
Marigot:1-source=geonames:2-entityType=loc:3-theme=political:41-vague=non:42-sentiment=neutral:5-id=3578851:51-category=P:52-subcategory=PPLC:61-continent=NA:62-country=MF:63-admin2=:64-admin4=:65-x=-63.08302:66-y=18.06819:67-geometry=
Gustavia:1-source=geonames:2-entityType=loc:3-theme=political:41-vague=non:42-sentiment=neutral:5-id=3579132:51-category=P:52-subcategory=PPLC:61-continent=NA:62-country=BL:63-admin2=:64-admin4=:65-x=-62.84978:66-y=17.89618:67-geometry=
Saint-Georges:1-source=geonames:2-entityType=loc:3-theme=political:41-vague=non:42-sentiment=neutral:5-id=3579925:51-category=P:52-subcategory=PPLC:61-continent=NA:62-country=GD:63-admin2=:64-admin4=:65-x=-61.74849:66-y=12.05644:67-geometry=
Ville de Saint-Marin:1-source=geonames:2-entityType=loc:3-theme=political:41-vague=non:42-sentiment=neutral:5-id=3168070:51-category=P:52-subcategory=PPLC:61-continent=EU:62-country=SM:63-admin2=:64-admin4=:65-x=12.44639:66-y=43.93667:67-geometry=
West Island:1-source=geonames:2-entityType=loc:3-theme=political:41-vague=non:42-sentiment=neutral:5-id=7304591:51-category=P:52-subcategory=PPLC:61-continent=AS:62-country=CC:63-admin2=:64-admin4=:65-x=96.82251:66-y=-12.15681:67-geometry=
Saipan:1-source=geonames:2-entityType=loc:3-theme=political:41-vague=non:42-sentiment=neutral:5-id=7828758:51-category=P:52-subcategory=PPLC:61-continent=OC:62-country=MP:63-admin2=:64-admin4=:65-x=145.7545:66-y=15.21233:67-geometry=
Yaren:1-source=geonames:2-entityType=loc:3-theme=political:41-vague=non:42-sentiment=neutral:5-id=7626461:51-category=P:52-subcategory=PPLC:61-continent=OC:62-country=NR:63-admin2=:64-admin4=:65-x=166.9252:66-y=-0.55085:67-geometry=
Mata-Utu:1-source=geonames:2-entityType=loc:3-theme=political:41-vague=non:42-sentiment=neutral:5-id=4034821:51-category=P:52-subcategory=PPLC:61-continent=OC:62-country=WF:63-admin2=:64-admin4=:65-x=-176.17453:66-y=-13.28163:67-geometry=
Alofi:1-source=geonames:2-entityType=loc:3-theme=political:41-vague=non:42-sentiment=neutral:5-id=4036284:51-category=P:52-subcategory=PPLC:61-continent=OC:62-country=NU:63-admin2=:64-admin4=:65-x=-169.91768:66-y=-19.05451:67-geometry=
Adamstown:1-source=geonames:2-entityType=loc:3-theme=political:41-vague=non:42-sentiment=neutral:5-id=4030723:51-category=P:52-subcategory=PPLC:61-continent=OC:62-country=PN:63-admin2=:64-admin4=:65-x=-130.10147:66-y=-25.06597:67-geometry=
Belmopan:1-source=geonames:2-entityType=loc:3-theme=political:41-vague=non:42-sentiment=neutral:5-id=3582672:51-category=P:52-subcategory=PPLC:61-continent=NA:62-country=BZ:63-admin2=:64-admin4=:65-x=-88.76667:66-y=17.25:67-geometry=
Vatican:1-source=geonames:2-entityType=loc:3-theme=political:41-vague=non:42-sentiment=neutral:5-id=6691831:51-category=P:52-subcategory=PPLC:61-continent=EU:62-country=VA:63-admin2=:64-admin4=:65-x=12.45414:66-y=41.90268:67-geometry=
Philipsburg:1-source=geonames:2-entityType=loc:3-theme=political:41-vague=non:42-sentiment=neutral:5-id=3513392:51-category=P:52-subcategory=PPLC:61-continent=NA:62-country=SX:63-admin2=:64-admin4=:65-x=-63.04582:66-y=18.026:67-geometry=
Basse-Terre:1-source=geonames:2-entityType=loc:3-theme=political:41-vague=non:42-sentiment=neutral:5-id=3579732:51-category=P:52-subcategory=PPLC:61-continent=NA:62-country=GP:63-admin2=:64-admin4=:65-x=-61.72548:66-y=15.99854:67-geometry=
La Valette:1-source=geonames:2-entityType=loc:3-theme=political:41-vague=non:42-sentiment=neutral:5-id=2562305:51-category=P:52-subcategory=PPLC:61-continent=EU:62-country=MT:63-admin2=:64-admin4=:65-x=14.51472:66-y=35.89972:67-geometry=
Hagåtña:1-source=geonames:2-entityType=loc:3-theme=political:41-vague=non:42-sentiment=neutral:5-id=4044012:51-category=P:52-subcategory=PPLC:61-continent=OC:62-country=GU:63-admin2=:64-admin4=:65-x=144.74886:66-y=13.47567:67-geometry=
Palikir:1-source=geonames:2-entityType=loc:3-theme=political:41-vague=non:42-sentiment=neutral:5-id=2081986:51-category=P:52-subcategory=PPLC:61-continent=OC:62-country=FM:63-admin2=:64-admin4=:65-x=158.16109:66-y=6.92477:67-geometry=
Plymouth:1-source=geonames:2-entityType=loc:3-theme=political:41-vague=non:42-sentiment=neutral:5-id=3578069:51-category=P:52-subcategory=PPLC:61-continent=NA:62-country=MS:63-admin2=:64-admin4=:65-x=-62.21292:66-y=16.70555:67-geometry=
Melekeok:1-source=geonames:2-entityType=loc:3-theme=political:41-vague=non:42-sentiment=neutral:5-id=7303944:51-category=P:52-subcategory=PPLC:61-continent=OC:62-country=PW:63-admin2=:64-admin4=:65-x=134.62355:66-y=7.50043:67-geometry=
