Inde:1-source=geonames:2-entityType=loc:3-theme=political:41-vague=non:42-sentiment=neutral:5-id=1269750:51-category=A:52-subcategory=PCLI:61-continent=AS:62-country=IN:63-admin2=:64-admin4=:65-x=79.0:66-y=22.0:67-geometry=NR
Chine:1-source=geonames:2-entityType=loc:3-theme=political:41-vague=non:42-sentiment=neutral:5-id=1814991:51-category=A:52-subcategory=PCLI:61-continent=AS:62-country=CN:63-admin2=:64-admin4=:65-x=105.0:66-y=35.0:67-geometry=NR
Finlande:1-source=geonames:2-entityType=loc:3-theme=political:41-vague=non:42-sentiment=neutral:5-id=660013:51-category=A:52-subcategory=PCLI:61-continent=EU:62-country=FI:63-admin2=:64-admin4=:65-x=26.0:66-y=64.0:67-geometry=NR
Biélorussie:1-source=geonames:2-entityType=loc:3-theme=political:41-vague=non:42-sentiment=neutral:5-id=630336:51-category=A:52-subcategory=PCLI:61-continent=EU:62-country=BY:63-admin2=:64-admin4=:65-x=28.0:66-y=53.0:67-geometry=NR
Bulgarie:1-source=geonames:2-entityType=loc:3-theme=political:41-vague=non:42-sentiment=neutral:5-id=732800:51-category=A:52-subcategory=PCLI:61-continent=EU:62-country=BG:63-admin2=:64-admin4=:65-x=25.25:66-y=42.66667:67-geometry=NR
Azerbaïdjan:1-source=geonames:2-entityType=loc:3-theme=political:41-vague=non:42-sentiment=neutral:5-id=587116:51-category=A:52-subcategory=PCLI:61-continent=AS:62-country=AZ:63-admin2=:64-admin4=:65-x=47.5:66-y=40.5:67-geometry=NR
Pologne:1-source=geonames:2-entityType=loc:3-theme=political:41-vague=non:42-sentiment=neutral:5-id=798544:51-category=A:52-subcategory=PCLI:61-continent=EU:62-country=PL:63-admin2=:64-admin4=:65-x=20.0:66-y=52.0:67-geometry=NR
Roumanie:1-source=geonames:2-entityType=loc:3-theme=political:41-vague=non:42-sentiment=neutral:5-id=798549:51-category=A:52-subcategory=PCLI:61-continent=EU:62-country=RO:63-admin2=:64-admin4=:65-x=25.0:66-y=46.0:67-geometry=NR
Ukraine:1-source=geonames:2-entityType=loc:3-theme=political:41-vague=non:42-sentiment=neutral:5-id=690791:51-category=A:52-subcategory=PCLI:61-continent=EU:62-country=UA:63-admin2=:64-admin4=:65-x=32.0:66-y=49.0:67-geometry=NR
Iran:1-source=geonames:2-entityType=loc:3-theme=political:41-vague=non:42-sentiment=neutral:5-id=130758:51-category=A:52-subcategory=PCLI:61-continent=AS:62-country=IR:63-admin2=:64-admin4=:65-x=53.0:66-y=32.0:67-geometry=NR
Nouvelle-Zélande:1-source=geonames:2-entityType=loc:3-theme=political:41-vague=non:42-sentiment=neutral:5-id=2186224:51-category=A:52-subcategory=PCLI:61-continent=OC:62-country=NZ:63-admin2=:64-admin4=:65-x=174.0:66-y=-42.0:67-geometry=NR
Cameroun:1-source=geonames:2-entityType=loc:3-theme=political:41-vague=non:42-sentiment=neutral:5-id=2233387:51-category=A:52-subcategory=PCLI:61-continent=AF:62-country=CM:63-admin2=:64-admin4=:65-x=12.5:66-y=6.0:67-geometry=NR
Sénégal:1-source=geonames:2-entityType=loc:3-theme=political:41-vague=non:42-sentiment=neutral:5-id=2245662:51-category=A:52-subcategory=PCLI:61-continent=AF:62-country=SN:63-admin2=:64-admin4=:65-x=-14.25:66-y=14.5:67-geometry=NR
Portugal:1-source=geonames:2-entityType=loc:3-theme=political:41-vague=non:42-sentiment=neutral:5-id=2264397:51-category=A:52-subcategory=PCLI:61-continent=EU:62-country=PT:63-admin2=:64-admin4=:65-x=-8.13057:66-y=39.6945:67-geometry=NR
Congo-Brazzaville:1-source=geonames:2-entityType=loc:3-theme=political:41-vague=non:42-sentiment=neutral:5-id=2260494:51-category=A:52-subcategory=PCLI:61-continent=AF:62-country=CG:63-admin2=:64-admin4=:65-x=15.5:66-y=-1.0:67-geometry=NR
Liberia:1-source=geonames:2-entityType=loc:3-theme=political:41-vague=non:42-sentiment=neutral:5-id=2275384:51-category=A:52-subcategory=PCLI:61-continent=AF:62-country=LR:63-admin2=:64-admin4=:65-x=-9.5:66-y=6.5:67-geometry=NR
Libye:1-source=geonames:2-entityType=loc:3-theme=political:41-vague=non:42-sentiment=neutral:5-id=2215636:51-category=A:52-subcategory=PCLI:61-continent=AF:62-country=LY:63-admin2=:64-admin4=:65-x=17.0:66-y=28.0:67-geometry=NR
Fidji:1-source=geonames:2-entityType=loc:3-theme=political:41-vague=non:42-sentiment=neutral:5-id=2205218:51-category=A:52-subcategory=PCLI:61-continent=OC:62-country=FJ:63-admin2=:64-admin4=:65-x=178.0:66-y=-18.0:67-geometry=NR
Mauritanie:1-source=geonames:2-entityType=loc:3-theme=political:41-vague=non:42-sentiment=neutral:5-id=2378080:51-category=A:52-subcategory=PCLI:61-continent=AF:62-country=MR:63-admin2=:64-admin4=:65-x=-10.5:66-y=20.25:67-geometry=NR
Gabon:1-source=geonames:2-entityType=loc:3-theme=political:41-vague=non:42-sentiment=neutral:5-id=2400553:51-category=A:52-subcategory=PCLI:61-continent=AF:62-country=GA:63-admin2=:64-admin4=:65-x=11.75:66-y=-1.0:67-geometry=NR
Burkina Faso:1-source=geonames:2-entityType=loc:3-theme=political:41-vague=non:42-sentiment=neutral:5-id=2361809:51-category=A:52-subcategory=PCLI:61-continent=AF:62-country=BF:63-admin2=:64-admin4=:65-x=-1.66667:66-y=12.5:67-geometry=NR
Nigeria:1-source=geonames:2-entityType=loc:3-theme=political:41-vague=non:42-sentiment=neutral:5-id=2328926:51-category=A:52-subcategory=PCLI:61-continent=AF:62-country=NG:63-admin2=:64-admin4=:65-x=8.0:66-y=10.0:67-geometry=NR
Bénin:1-source=geonames:2-entityType=loc:3-theme=political:41-vague=non:42-sentiment=neutral:5-id=2395170:51-category=A:52-subcategory=PCLI:61-continent=AF:62-country=BJ:63-admin2=:64-admin4=:65-x=2.25:66-y=9.5:67-geometry=NR
Guinée:1-source=geonames:2-entityType=loc:3-theme=political:41-vague=non:42-sentiment=neutral:5-id=2420477:51-category=A:52-subcategory=PCLI:61-continent=AF:62-country=GN:63-admin2=:64-admin4=:65-x=-10.66667:66-y=10.83333:67-geometry=NR
Tunisie:1-source=geonames:2-entityType=loc:3-theme=political:41-vague=non:42-sentiment=neutral:5-id=2464461:51-category=A:52-subcategory=PCLI:61-continent=AF:62-country=TN:63-admin2=:64-admin4=:65-x=9.0:66-y=34.0:67-geometry=NR
Algérie:1-source=geonames:2-entityType=loc:3-theme=political:41-vague=non:42-sentiment=neutral:5-id=2589581:51-category=A:52-subcategory=PCLI:61-continent=AF:62-country=DZ:63-admin2=:64-admin4=:65-x=3.0:66-y=28.0:67-geometry=NR
Vanuatu:1-source=geonames:2-entityType=loc:3-theme=political:41-vague=non:42-sentiment=neutral:5-id=2134431:51-category=A:52-subcategory=PCLI:61-continent=OC:62-country=VU:63-admin2=:64-admin4=:65-x=167.0:66-y=-16.0:67-geometry=NR
Australie:1-source=geonames:2-entityType=loc:3-theme=political:41-vague=non:42-sentiment=neutral:5-id=2077456:51-category=A:52-subcategory=PCLI:61-continent=OC:62-country=AU:63-admin2=:64-admin4=:65-x=135.0:66-y=-25.0:67-geometry=NR
Papouasie-Nouvelle Guinée:1-source=geonames:2-entityType=loc:3-theme=political:41-vague=non:42-sentiment=neutral:5-id=2088628:51-category=A:52-subcategory=PCLI:61-continent=OC:62-country=PG:63-admin2=:64-admin4=:65-x=147.0:66-y=-6.0:67-geometry=NR
Guinée équatoriale:1-source=geonames:2-entityType=loc:3-theme=political:41-vague=non:42-sentiment=neutral:5-id=2309096:51-category=A:52-subcategory=PCLI:61-continent=AF:62-country=GQ:63-admin2=:64-admin4=:65-x=10.5:66-y=1.7:67-geometry=NR
Ghana:1-source=geonames:2-entityType=loc:3-theme=political:41-vague=non:42-sentiment=neutral:5-id=2300660:51-category=A:52-subcategory=PCLI:61-continent=AF:62-country=GH:63-admin2=:64-admin4=:65-x=-1.2:66-y=8.1:67-geometry=NR
Côte d'Ivoire:1-source=geonames:2-entityType=loc:3-theme=political:41-vague=non:42-sentiment=neutral:5-id=2287781:51-category=A:52-subcategory=PCLI:61-continent=AF:62-country=CI:63-admin2=:64-admin4=:65-x=-5.5:66-y=8.0:67-geometry=NR
Espagne:1-source=geonames:2-entityType=loc:3-theme=political:41-vague=non:42-sentiment=neutral:5-id=2510769:51-category=A:52-subcategory=PCLI:61-continent=EU:62-country=ES:63-admin2=:64-admin4=:65-x=-4.0:66-y=40.0:67-geometry=NR
Maroc:1-source=geonames:2-entityType=loc:3-theme=political:41-vague=non:42-sentiment=neutral:5-id=2542007:51-category=A:52-subcategory=PCLI:61-continent=AF:62-country=MA:63-admin2=:64-admin4=:65-x=-6.0:66-y=32.0:67-geometry=NR
Îles Salomon:1-source=geonames:2-entityType=loc:3-theme=political:41-vague=non:42-sentiment=neutral:5-id=2103350:51-category=A:52-subcategory=PCLI:61-continent=OC:62-country=SB:63-admin2=:64-admin4=:65-x=159.0:66-y=-8.0:67-geometry=NR
Mongolie:1-source=geonames:2-entityType=loc:3-theme=political:41-vague=non:42-sentiment=neutral:5-id=2029969:51-category=A:52-subcategory=PCLI:61-continent=AS:62-country=MN:63-admin2=:64-admin4=:65-x=105.0:66-y=46.0:67-geometry=NR
Tchad:1-source=geonames:2-entityType=loc:3-theme=political:41-vague=non:42-sentiment=neutral:5-id=2434508:51-category=A:52-subcategory=PCLI:61-continent=AF:62-country=TD:63-admin2=:64-admin4=:65-x=19.0:66-y=15.0:67-geometry=NR
Mali:1-source=geonames:2-entityType=loc:3-theme=political:41-vague=non:42-sentiment=neutral:5-id=2453866:51-category=A:52-subcategory=PCLI:61-continent=AF:62-country=ML:63-admin2=:64-admin4=:65-x=-2.0:66-y=18.0:67-geometry=NR
Niger:1-source=geonames:2-entityType=loc:3-theme=political:41-vague=non:42-sentiment=neutral:5-id=2440476:51-category=A:52-subcategory=PCLI:61-continent=AF:62-country=NE:63-admin2=:64-admin4=:65-x=9.0:66-y=18.0:67-geometry=NR
Madagascar:1-source=geonames:2-entityType=loc:3-theme=political:41-vague=non:42-sentiment=neutral:5-id=1062947:51-category=A:52-subcategory=PCLI:61-continent=AF:62-country=MG:63-admin2=:64-admin4=:65-x=47.0:66-y=-20.0:67-geometry=NR
Myanmar:1-source=geonames:2-entityType=loc:3-theme=political:41-vague=non:42-sentiment=neutral:5-id=1327865:51-category=A:52-subcategory=PCLI:61-continent=AS:62-country=MM:63-admin2=:64-admin4=:65-x=96.0:66-y=21.0:67-geometry=NR
Hongrie:1-source=geonames:2-entityType=loc:3-theme=political:41-vague=non:42-sentiment=neutral:5-id=719819:51-category=A:52-subcategory=PCLI:61-continent=EU:62-country=HU:63-admin2=:64-admin4=:65-x=20.0:66-y=47.0:67-geometry=NR
Malawi:1-source=geonames:2-entityType=loc:3-theme=political:41-vague=non:42-sentiment=neutral:5-id=927384:51-category=A:52-subcategory=PCLI:61-continent=AF:62-country=MW:63-admin2=:64-admin4=:65-x=34.0:66-y=-13.5:67-geometry=NR
Zimbabwe:1-source=geonames:2-entityType=loc:3-theme=political:41-vague=non:42-sentiment=neutral:5-id=878675:51-category=A:52-subcategory=PCLI:61-continent=AF:62-country=ZW:63-admin2=:64-admin4=:65-x=29.75:66-y=-19.0:67-geometry=NR
Botswana:1-source=geonames:2-entityType=loc:3-theme=political:41-vague=non:42-sentiment=neutral:5-id=933860:51-category=A:52-subcategory=PCLI:61-continent=AF:62-country=BW:63-admin2=:64-admin4=:65-x=24.0:66-y=-22.0:67-geometry=NR
Maurice:1-source=geonames:2-entityType=loc:3-theme=political:41-vague=non:42-sentiment=neutral:5-id=934292:51-category=A:52-subcategory=PCLI:61-continent=AF:62-country=MU:63-admin2=:64-admin4=:65-x=57.58333:66-y=-20.3:67-geometry=NR
Zambie:1-source=geonames:2-entityType=loc:3-theme=political:41-vague=non:42-sentiment=neutral:5-id=895949:51-category=A:52-subcategory=PCLI:61-continent=AF:62-country=ZM:63-admin2=:64-admin4=:65-x=28.5:66-y=-14.33333:67-geometry=NR
Afrique du Sud:1-source=geonames:2-entityType=loc:3-theme=political:41-vague=non:42-sentiment=neutral:5-id=953987:51-category=A:52-subcategory=PCLI:61-continent=AF:62-country=ZA:63-admin2=:64-admin4=:65-x=24.0:66-y=-29.0:67-geometry=NR
Mozambique:1-source=geonames:2-entityType=loc:3-theme=political:41-vague=non:42-sentiment=neutral:5-id=1036973:51-category=A:52-subcategory=PCLI:61-continent=AF:62-country=MZ:63-admin2=:64-admin4=:65-x=35.0:66-y=-18.25:67-geometry=NR
Sri Lanka:1-source=geonames:2-entityType=loc:3-theme=political:41-vague=non:42-sentiment=neutral:5-id=1227603:51-category=A:52-subcategory=PCLI:61-continent=AS:62-country=LK:63-admin2=:64-admin4=:65-x=80.75:66-y=7.75:67-geometry=NR
Bangladesh:1-source=geonames:2-entityType=loc:3-theme=political:41-vague=non:42-sentiment=neutral:5-id=1210997:51-category=A:52-subcategory=PCLI:61-continent=AS:62-country=BD:63-admin2=:64-admin4=:65-x=90.0:66-y=24.0:67-geometry=NR
Turkménistan:1-source=geonames:2-entityType=loc:3-theme=political:41-vague=non:42-sentiment=neutral:5-id=1218197:51-category=A:52-subcategory=PCLI:61-continent=AS:62-country=TM:63-admin2=:64-admin4=:65-x=59.66667:66-y=39.75:67-geometry=NR
Tadjikistan:1-source=geonames:2-entityType=loc:3-theme=political:41-vague=non:42-sentiment=neutral:5-id=1220409:51-category=A:52-subcategory=PCLI:61-continent=AS:62-country=TJ:63-admin2=:64-admin4=:65-x=71.0:66-y=39.0:67-geometry=NR
Pakistan:1-source=geonames:2-entityType=loc:3-theme=political:41-vague=non:42-sentiment=neutral:5-id=1168579:51-category=A:52-subcategory=PCLI:61-continent=AS:62-country=PK:63-admin2=:64-admin4=:65-x=70.0:66-y=30.0:67-geometry=NR
Afghanistan:1-source=geonames:2-entityType=loc:3-theme=political:41-vague=non:42-sentiment=neutral:5-id=1149361:51-category=A:52-subcategory=PCLI:61-continent=AS:62-country=AF:63-admin2=:64-admin4=:65-x=66.0:66-y=33.0:67-geometry=NR
Népal:1-source=geonames:2-entityType=loc:3-theme=political:41-vague=non:42-sentiment=neutral:5-id=1282988:51-category=A:52-subcategory=PCLI:61-continent=AS:62-country=NP:63-admin2=:64-admin4=:65-x=84.0:66-y=28.0:67-geometry=NR
Suède:1-source=geonames:2-entityType=loc:3-theme=political:41-vague=non:42-sentiment=neutral:5-id=2661886:51-category=A:52-subcategory=PCLI:61-continent=EU:62-country=SE:63-admin2=:64-admin4=:65-x=15.0:66-y=62.0:67-geometry=NR
Autriche:1-source=geonames:2-entityType=loc:3-theme=political:41-vague=non:42-sentiment=neutral:5-id=2782113:51-category=A:52-subcategory=PCLI:61-continent=EU:62-country=AT:63-admin2=:64-admin4=:65-x=13.33333:66-y=47.33333:67-geometry=NR
Allemagne:1-source=geonames:2-entityType=loc:3-theme=political:41-vague=non:42-sentiment=neutral:5-id=2921044:51-category=A:52-subcategory=PCLI:61-continent=EU:62-country=DE:63-admin2=:64-admin4=:65-x=10.5:66-y=51.5:67-geometry=NR
Royaume-Uni:1-source=geonames:2-entityType=loc:3-theme=political:41-vague=non:42-sentiment=neutral:5-id=2635167:51-category=A:52-subcategory=PCLI:61-continent=EU:62-country=GB:63-admin2=:64-admin4=:65-x=-2.69531:66-y=54.75844:67-geometry=NR
Russie:1-source=geonames:2-entityType=loc:3-theme=political:41-vague=non:42-sentiment=neutral:5-id=2017370:51-category=A:52-subcategory=PCLI:61-continent=EU:62-country=RU:63-admin2=:64-admin4=:65-x=100.0:66-y=60.0:67-geometry=NR
France:1-source=geonames:2-entityType=loc:3-theme=political:41-vague=non:42-sentiment=neutral:5-id=3017382:51-category=A:52-subcategory=PCLI:61-continent=EU:62-country=FR:63-admin2=:64-admin4=:65-x=2.0:66-y=46.0:67-geometry=NR
Philippines:1-source=geonames:2-entityType=loc:3-theme=political:41-vague=non:42-sentiment=neutral:5-id=1694008:51-category=A:52-subcategory=PCLI:61-continent=AS:62-country=PH:63-admin2=:64-admin4=:65-x=122.0:66-y=13.0:67-geometry=NR
Malaisie:1-source=geonames:2-entityType=loc:3-theme=political:41-vague=non:42-sentiment=neutral:5-id=1733045:51-category=A:52-subcategory=PCLI:61-continent=AS:62-country=MY:63-admin2=:64-admin4=:65-x=112.5:66-y=2.5:67-geometry=NR
Laos:1-source=geonames:2-entityType=loc:3-theme=political:41-vague=non:42-sentiment=neutral:5-id=1655842:51-category=A:52-subcategory=PCLI:61-continent=AS:62-country=LA:63-admin2=:64-admin4=:65-x=105.0:66-y=18.0:67-geometry=NR
Taïwan:1-source=geonames:2-entityType=loc:3-theme=political:41-vague=non:42-sentiment=neutral:5-id=1668284:51-category=A:52-subcategory=PCLI:61-continent=AS:62-country=TW:63-admin2=:64-admin4=:65-x=121.0:66-y=24.0:67-geometry=NR
Indonésie:1-source=geonames:2-entityType=loc:3-theme=political:41-vague=non:42-sentiment=neutral:5-id=1643084:51-category=A:52-subcategory=PCLI:61-continent=AS:62-country=ID:63-admin2=:64-admin4=:65-x=120.0:66-y=-5.0:67-geometry=NR
Corée du Sud:1-source=geonames:2-entityType=loc:3-theme=political:41-vague=non:42-sentiment=neutral:5-id=1835841:51-category=A:52-subcategory=PCLI:61-continent=AS:62-country=KR:63-admin2=:64-admin4=:65-x=127.75:66-y=36.5:67-geometry=NR
Cambodge:1-source=geonames:2-entityType=loc:3-theme=political:41-vague=non:42-sentiment=neutral:5-id=1831722:51-category=A:52-subcategory=PCLI:61-continent=AS:62-country=KH:63-admin2=:64-admin4=:65-x=105.0:66-y=13.0:67-geometry=NR
Thaïlande:1-source=geonames:2-entityType=loc:3-theme=political:41-vague=non:42-sentiment=neutral:5-id=1605651:51-category=A:52-subcategory=PCLI:61-continent=AS:62-country=TH:63-admin2=:64-admin4=:65-x=101.0:66-y=15.5:67-geometry=NR
Kirghizistan:1-source=geonames:2-entityType=loc:3-theme=political:41-vague=non:42-sentiment=neutral:5-id=1527747:51-category=A:52-subcategory=PCLI:61-continent=AS:62-country=KG:63-admin2=:64-admin4=:65-x=75.0:66-y=41.5:67-geometry=NR
Corée du Nord:1-source=geonames:2-entityType=loc:3-theme=political:41-vague=non:42-sentiment=neutral:5-id=1873107:51-category=A:52-subcategory=PCLI:61-continent=AS:62-country=KP:63-admin2=:64-admin4=:65-x=127.0:66-y=40.0:67-geometry=NR
Japon:1-source=geonames:2-entityType=loc:3-theme=political:41-vague=non:42-sentiment=neutral:5-id=1861060:51-category=A:52-subcategory=PCLI:61-continent=AS:62-country=JP:63-admin2=:64-admin4=:65-x=139.75309:66-y=35.68536:67-geometry=NR
Kazakhstan:1-source=geonames:2-entityType=loc:3-theme=political:41-vague=non:42-sentiment=neutral:5-id=1522867:51-category=A:52-subcategory=PCLI:61-continent=AS:62-country=KZ:63-admin2=:64-admin4=:65-x=68.0:66-y=48.0:67-geometry=NR
Ouzbékistan:1-source=geonames:2-entityType=loc:3-theme=political:41-vague=non:42-sentiment=neutral:5-id=1512440:51-category=A:52-subcategory=PCLI:61-continent=AS:62-country=UZ:63-admin2=:64-admin4=:65-x=63.83333:66-y=41.66667:67-geometry=NR
Éthiopie:1-source=geonames:2-entityType=loc:3-theme=political:41-vague=non:42-sentiment=neutral:5-id=337996:51-category=A:52-subcategory=PCLI:61-continent=AF:62-country=ET:63-admin2=:64-admin4=:65-x=39.5:66-y=9.0:67-geometry=NR
Érythrée:1-source=geonames:2-entityType=loc:3-theme=political:41-vague=non:42-sentiment=neutral:5-id=338010:51-category=A:52-subcategory=PCLI:61-continent=AF:62-country=ER:63-admin2=:64-admin4=:65-x=39.0:66-y=15.0:67-geometry=NR
Soudan:1-source=geonames:2-entityType=loc:3-theme=political:41-vague=non:42-sentiment=neutral:5-id=366755:51-category=A:52-subcategory=PCLI:61-continent=AF:62-country=SD:63-admin2=:64-admin4=:65-x=30.0:66-y=16.0:67-geometry=NR
Grèce:1-source=geonames:2-entityType=loc:3-theme=political:41-vague=non:42-sentiment=neutral:5-id=390903:51-category=A:52-subcategory=PCLI:61-continent=EU:62-country=GR:63-admin2=:64-admin4=:65-x=22.0:66-y=39.0:67-geometry=NR
Tanzanie:1-source=geonames:2-entityType=loc:3-theme=political:41-vague=non:42-sentiment=neutral:5-id=149590:51-category=A:52-subcategory=PCLI:61-continent=AF:62-country=TZ:63-admin2=:64-admin4=:65-x=35.0:66-y=-6.0:67-geometry=NR
Kenya:1-source=geonames:2-entityType=loc:3-theme=political:41-vague=non:42-sentiment=neutral:5-id=192950:51-category=A:52-subcategory=PCLI:61-continent=AF:62-country=KE:63-admin2=:64-admin4=:65-x=38.0:66-y=1.0:67-geometry=NR
RDC:1-source=geonames:2-entityType=loc:3-theme=political:41-vague=non:42-sentiment=neutral:5-id=203312:51-category=A:52-subcategory=PCLI:61-continent=AF:62-country=CD:63-admin2=:64-admin4=:65-x=23.5:66-y=-2.5:67-geometry=NR
Syrie:1-source=geonames:2-entityType=loc:3-theme=political:41-vague=non:42-sentiment=neutral:5-id=163843:51-category=A:52-subcategory=PCLI:61-continent=AS:62-country=SY:63-admin2=:64-admin4=:65-x=38.0:66-y=35.0:67-geometry=NR
Ouganda:1-source=geonames:2-entityType=loc:3-theme=political:41-vague=non:42-sentiment=neutral:5-id=226074:51-category=A:52-subcategory=PCLI:61-continent=AF:62-country=UG:63-admin2=:64-admin4=:65-x=32.5:66-y=1.25:67-geometry=NR
Centrafrique:1-source=geonames:2-entityType=loc:3-theme=political:41-vague=non:42-sentiment=neutral:5-id=239880:51-category=A:52-subcategory=PCLI:61-continent=AF:62-country=CF:63-admin2=:64-admin4=:65-x=21.0:66-y=7.0:67-geometry=NR
Jordanie:1-source=geonames:2-entityType=loc:3-theme=political:41-vague=non:42-sentiment=neutral:5-id=248816:51-category=A:52-subcategory=PCLI:61-continent=AS:62-country=JO:63-admin2=:64-admin4=:65-x=36.0:66-y=31.0:67-geometry=NR
Égypte:1-source=geonames:2-entityType=loc:3-theme=political:41-vague=non:42-sentiment=neutral:5-id=357994:51-category=A:52-subcategory=PCLI:61-continent=AF:62-country=EG:63-admin2=:64-admin4=:65-x=30.0:66-y=27.0:67-geometry=NR
Oman:1-source=geonames:2-entityType=loc:3-theme=political:41-vague=non:42-sentiment=neutral:5-id=286963:51-category=A:52-subcategory=PCLI:61-continent=AS:62-country=OM:63-admin2=:64-admin4=:65-x=57.0:66-y=21.0:67-geometry=NR
Turquie:1-source=geonames:2-entityType=loc:3-theme=political:41-vague=non:42-sentiment=neutral:5-id=298795:51-category=A:52-subcategory=PCLI:61-continent=AS:62-country=TR:63-admin2=:64-admin4=:65-x=35.0:66-y=39.0:67-geometry=NR
Émirats Arabes Unis:1-source=geonames:2-entityType=loc:3-theme=political:41-vague=non:42-sentiment=neutral:5-id=290557:51-category=A:52-subcategory=PCLI:61-continent=AS:62-country=AE:63-admin2=:64-admin4=:65-x=54.5:66-y=23.75:67-geometry=NR
Yémen:1-source=geonames:2-entityType=loc:3-theme=political:41-vague=non:42-sentiment=neutral:5-id=69543:51-category=A:52-subcategory=PCLI:61-continent=AS:62-country=YE:63-admin2=:64-admin4=:65-x=47.5:66-y=15.5:67-geometry=NR
Somalie:1-source=geonames:2-entityType=loc:3-theme=political:41-vague=non:42-sentiment=neutral:5-id=51537:51-category=A:52-subcategory=PCLI:61-continent=AF:62-country=SO:63-admin2=:64-admin4=:65-x=48.0:66-y=6.0:67-geometry=NR
Irak:1-source=geonames:2-entityType=loc:3-theme=political:41-vague=non:42-sentiment=neutral:5-id=99237:51-category=A:52-subcategory=PCLI:61-continent=AS:62-country=IQ:63-admin2=:64-admin4=:65-x=44.0:66-y=33.0:67-geometry=NR
Arabie saoudite:1-source=geonames:2-entityType=loc:3-theme=political:41-vague=non:42-sentiment=neutral:5-id=102358:51-category=A:52-subcategory=PCLI:61-continent=AS:62-country=SA:63-admin2=:64-admin4=:65-x=45.0:66-y=25.0:67-geometry=NR
Vietnam:1-source=geonames:2-entityType=loc:3-theme=political:41-vague=non:42-sentiment=neutral:5-id=1562822:51-category=A:52-subcategory=PCLI:61-continent=AS:62-country=VN:63-admin2=:64-admin4=:65-x=107.83333:66-y=16.16667:67-geometry=NR
Guyana:1-source=geonames:2-entityType=loc:3-theme=political:41-vague=non:42-sentiment=neutral:5-id=3378535:51-category=A:52-subcategory=PCLI:61-continent=SA:62-country=GY:63-admin2=:64-admin4=:65-x=-59.0:66-y=5.0:67-geometry=NR
Italie:1-source=geonames:2-entityType=loc:3-theme=political:41-vague=non:42-sentiment=neutral:5-id=3175395:51-category=A:52-subcategory=PCLI:61-continent=EU:62-country=IT:63-admin2=:64-admin4=:65-x=12.83333:66-y=42.83333:67-geometry=NR
Paraguay:1-source=geonames:2-entityType=loc:3-theme=political:41-vague=non:42-sentiment=neutral:5-id=3437598:51-category=A:52-subcategory=PCLI:61-continent=SA:62-country=PY:63-admin2=:64-admin4=:65-x=-58.0:66-y=-23.33333:67-geometry=NR
Uruguay:1-source=geonames:2-entityType=loc:3-theme=political:41-vague=non:42-sentiment=neutral:5-id=3439705:51-category=A:52-subcategory=PCLI:61-continent=SA:62-country=UY:63-admin2=:64-admin4=:65-x=-56.0:66-y=-33.0:67-geometry=NR
Angola:1-source=geonames:2-entityType=loc:3-theme=political:41-vague=non:42-sentiment=neutral:5-id=3351879:51-category=A:52-subcategory=PCLI:61-continent=AF:62-country=AO:63-admin2=:64-admin4=:65-x=18.5:66-y=-12.5:67-geometry=NR
Namibie:1-source=geonames:2-entityType=loc:3-theme=political:41-vague=non:42-sentiment=neutral:5-id=3355338:51-category=A:52-subcategory=PCLI:61-continent=AF:62-country=NA:63-admin2=:64-admin4=:65-x=17.0:66-y=-22.0:67-geometry=NR
Brésil:1-source=geonames:2-entityType=loc:3-theme=political:41-vague=non:42-sentiment=neutral:5-id=3469034:51-category=A:52-subcategory=PCLI:61-continent=SA:62-country=BR:63-admin2=:64-admin4=:65-x=-55.0:66-y=-10.0:67-geometry=NR
Argentine:1-source=geonames:2-entityType=loc:3-theme=political:41-vague=non:42-sentiment=neutral:5-id=3865483:51-category=A:52-subcategory=PCLI:61-continent=SA:62-country=AR:63-admin2=:64-admin4=:65-x=-64.0:66-y=-34.0:67-geometry=NR
Nicaragua:1-source=geonames:2-entityType=loc:3-theme=political:41-vague=non:42-sentiment=neutral:5-id=3617476:51-category=A:52-subcategory=PCLI:61-continent=NA:62-country=NI:63-admin2=:64-admin4=:65-x=-85.0:66-y=13.0:67-geometry=NR
Équateur:1-source=geonames:2-entityType=loc:3-theme=political:41-vague=non:42-sentiment=neutral:5-id=3658394:51-category=A:52-subcategory=PCLI:61-continent=SA:62-country=EC:63-admin2=:64-admin4=:65-x=-78.25:66-y=-1.25:67-geometry=NR
Bolivie:1-source=geonames:2-entityType=loc:3-theme=political:41-vague=non:42-sentiment=neutral:5-id=3923057:51-category=A:52-subcategory=PCLI:61-continent=SA:62-country=BO:63-admin2=:64-admin4=:65-x=-65.0:66-y=-17.0:67-geometry=NR
Pérou:1-source=geonames:2-entityType=loc:3-theme=political:41-vague=non:42-sentiment=neutral:5-id=3932488:51-category=A:52-subcategory=PCLI:61-continent=SA:62-country=PE:63-admin2=:64-admin4=:65-x=-75.25:66-y=-10.0:67-geometry=NR
Chili:1-source=geonames:2-entityType=loc:3-theme=political:41-vague=non:42-sentiment=neutral:5-id=3895114:51-category=A:52-subcategory=PCLI:61-continent=SA:62-country=CL:63-admin2=:64-admin4=:65-x=-71.0:66-y=-30.0:67-geometry=NR
Panama:1-source=geonames:2-entityType=loc:3-theme=political:41-vague=non:42-sentiment=neutral:5-id=3703430:51-category=A:52-subcategory=PCLI:61-continent=NA:62-country=PA:63-admin2=:64-admin4=:65-x=-80.0:66-y=9.0:67-geometry=NR
Bahamas:1-source=geonames:2-entityType=loc:3-theme=political:41-vague=non:42-sentiment=neutral:5-id=3572887:51-category=A:52-subcategory=PCLI:61-continent=NA:62-country=BS:63-admin2=:64-admin4=:65-x=-77.37122:66-y=25.04082:67-geometry=NR
Colombie:1-source=geonames:2-entityType=loc:3-theme=political:41-vague=non:42-sentiment=neutral:5-id=3686110:51-category=A:52-subcategory=PCLI:61-continent=SA:62-country=CO:63-admin2=:64-admin4=:65-x=-73.25:66-y=4.0:67-geometry=NR
Costa Rica:1-source=geonames:2-entityType=loc:3-theme=political:41-vague=non:42-sentiment=neutral:5-id=3624060:51-category=A:52-subcategory=PCLI:61-continent=NA:62-country=CR:63-admin2=:64-admin4=:65-x=-84.0:66-y=10.0:67-geometry=NR
Vénézuéla:1-source=geonames:2-entityType=loc:3-theme=political:41-vague=non:42-sentiment=neutral:5-id=3625428:51-category=A:52-subcategory=PCLI:61-continent=SA:62-country=VE:63-admin2=:64-admin4=:65-x=-66.0:66-y=8.0:67-geometry=NR
République tchèque:1-source=geonames:2-entityType=loc:3-theme=political:41-vague=non:42-sentiment=neutral:5-id=3077311:51-category=A:52-subcategory=PCLI:61-continent=EU:62-country=CZ:63-admin2=:64-admin4=:65-x=15.0:66-y=49.75:67-geometry=NR
Norvège:1-source=geonames:2-entityType=loc:3-theme=political:41-vague=non:42-sentiment=neutral:5-id=3144096:51-category=A:52-subcategory=PCLI:61-continent=EU:62-country=NO:63-admin2=:64-admin4=:65-x=10.0:66-y=62.0:67-geometry=NR
Croatie:1-source=geonames:2-entityType=loc:3-theme=political:41-vague=non:42-sentiment=neutral:5-id=3202326:51-category=A:52-subcategory=PCLI:61-continent=EU:62-country=HR:63-admin2=:64-admin4=:65-x=15.5:66-y=45.16667:67-geometry=NR
Sud-Soudan:1-source=geonames:2-entityType=loc:3-theme=political:41-vague=non:42-sentiment=neutral:5-id=7909807:51-category=A:52-subcategory=PCLI:61-continent=AF:62-country=SS:63-admin2=:64-admin4=:65-x=30.0:66-y=7.5:67-geometry=NR
Mexique:1-source=geonames:2-entityType=loc:3-theme=political:41-vague=non:42-sentiment=neutral:5-id=3996063:51-category=A:52-subcategory=PCLI:61-continent=NA:62-country=MX:63-admin2=:64-admin4=:65-x=-102.0:66-y=23.0:67-geometry=NR
Canada:1-source=geonames:2-entityType=loc:3-theme=political:41-vague=non:42-sentiment=neutral:5-id=6251999:51-category=A:52-subcategory=PCLI:61-continent=NA:62-country=CA:63-admin2=:64-admin4=:65-x=-113.64258:66-y=60.10867:67-geometry=NR
États-Unis:1-source=geonames:2-entityType=loc:3-theme=political:41-vague=non:42-sentiment=neutral:5-id=6252001:51-category=A:52-subcategory=PCLI:61-continent=NA:62-country=US:63-admin2=:64-admin4=:65-x=-98.5:66-y=39.76:67-geometry=NR
Guatemala:1-source=geonames:2-entityType=loc:3-theme=political:41-vague=non:42-sentiment=neutral:5-id=3595528:51-category=A:52-subcategory=PCLI:61-continent=NA:62-country=GT:63-admin2=:64-admin4=:65-x=-90.25:66-y=15.5:67-geometry=NR
Honduras:1-source=geonames:2-entityType=loc:3-theme=political:41-vague=non:42-sentiment=neutral:5-id=3608932:51-category=A:52-subcategory=PCLI:61-continent=NA:62-country=HN:63-admin2=:64-admin4=:65-x=-86.5:66-y=15.0:67-geometry=NR
Cuba:1-source=geonames:2-entityType=loc:3-theme=political:41-vague=non:42-sentiment=neutral:5-id=3562981:51-category=A:52-subcategory=PCLI:61-continent=NA:62-country=CU:63-admin2=:64-admin4=:65-x=-79.5:66-y=22.0:67-geometry=NR
Kosovo:1-source=geonames:2-entityType=loc:3-theme=political:41-vague=non:42-sentiment=neutral:5-id=831053:51-category=A:52-subcategory=PCLI:61-continent=EU:62-country=XK:63-admin2=:64-admin4=:65-x=20.91667:66-y=42.58333:67-geometry=NR
Albanie:1-source=geonames:2-entityType=loc:3-theme=political:41-vague=non:42-sentiment=neutral:5-id=783754:51-category=A:52-subcategory=PCLI:61-continent=EU:62-country=AL:63-admin2=:64-admin4=:65-x=20.0:66-y=41.0:67-geometry=NR
Géorgie:1-source=geonames:2-entityType=loc:3-theme=political:41-vague=non:42-sentiment=neutral:5-id=614540:51-category=A:52-subcategory=PCLI:61-continent=AS:62-country=GE:63-admin2=:64-admin4=:65-x=43.4999:66-y=41.99998:67-geometry=NR
Lituanie:1-source=geonames:2-entityType=loc:3-theme=political:41-vague=non:42-sentiment=neutral:5-id=597427:51-category=A:52-subcategory=PCLI:61-continent=EU:62-country=LT:63-admin2=:64-admin4=:65-x=24.0:66-y=55.41667:67-geometry=NR
Moldavie:1-source=geonames:2-entityType=loc:3-theme=political:41-vague=non:42-sentiment=neutral:5-id=617790:51-category=A:52-subcategory=PCLI:61-continent=EU:62-country=MD:63-admin2=:64-admin4=:65-x=28.58333:66-y=47.25:67-geometry=NR
Guinée-Bissau:1-source=geonames:2-entityType=loc:3-theme=political:41-vague=non:42-sentiment=neutral:5-id=2372248:51-category=A:52-subcategory=PCLI:61-continent=AF:62-country=GW:63-admin2=:64-admin4=:65-x=-15.0:66-y=12.0:67-geometry=NR
São Tomé-et-Príncipe:1-source=geonames:2-entityType=loc:3-theme=political:41-vague=non:42-sentiment=neutral:5-id=2410758:51-category=A:52-subcategory=PCLI:61-continent=AF:62-country=ST:63-admin2=:64-admin4=:65-x=7.0:66-y=1.0:67-geometry=NR
Gambie:1-source=geonames:2-entityType=loc:3-theme=political:41-vague=non:42-sentiment=neutral:5-id=2413451:51-category=A:52-subcategory=PCLI:61-continent=AF:62-country=GM:63-admin2=:64-admin4=:65-x=-15.5:66-y=13.5:67-geometry=NR
Togo:1-source=geonames:2-entityType=loc:3-theme=political:41-vague=non:42-sentiment=neutral:5-id=2363686:51-category=A:52-subcategory=PCLI:61-continent=AF:62-country=TG:63-admin2=:64-admin4=:65-x=1.08333:66-y=8.66667:67-geometry=NR
Tuvalu:1-source=geonames:2-entityType=loc:3-theme=political:41-vague=non:42-sentiment=neutral:5-id=2110297:51-category=A:52-subcategory=PCLI:61-continent=OC:62-country=TV:63-admin2=:64-admin4=:65-x=179.14478:66-y=-8.51719:67-geometry=NR
Sierra Leone:1-source=geonames:2-entityType=loc:3-theme=political:41-vague=non:42-sentiment=neutral:5-id=2403846:51-category=A:52-subcategory=PCLI:61-continent=AF:62-country=SL:63-admin2=:64-admin4=:65-x=-11.5:66-y=8.5:67-geometry=NR
Macédoine:1-source=geonames:2-entityType=loc:3-theme=political:41-vague=non:42-sentiment=neutral:5-id=718075:51-category=A:52-subcategory=PCLI:61-continent=EU:62-country=MK:63-admin2=:64-admin4=:65-x=21.75:66-y=41.66667:67-geometry=NR
Comores:1-source=geonames:2-entityType=loc:3-theme=political:41-vague=non:42-sentiment=neutral:5-id=921929:51-category=A:52-subcategory=PCLI:61-continent=AF:62-country=KM:63-admin2=:64-admin4=:65-x=44.44553:66-y=-12.23333:67-geometry=NR
Lesotho:1-source=geonames:2-entityType=loc:3-theme=political:41-vague=non:42-sentiment=neutral:5-id=932692:51-category=A:52-subcategory=PCLI:61-continent=AF:62-country=LS:63-admin2=:64-admin4=:65-x=28.25:66-y=-29.5:67-geometry=NR
Swaziland:1-source=geonames:2-entityType=loc:3-theme=political:41-vague=non:42-sentiment=neutral:5-id=934841:51-category=A:52-subcategory=PCLI:61-continent=AF:62-country=SZ:63-admin2=:64-admin4=:65-x=31.5:66-y=-26.5:67-geometry=NR
Bhoutan:1-source=geonames:2-entityType=loc:3-theme=political:41-vague=non:42-sentiment=neutral:5-id=1252634:51-category=A:52-subcategory=PCLI:61-continent=AS:62-country=BT:63-admin2=:64-admin4=:65-x=90.5:66-y=27.5:67-geometry=NR
Maldives:1-source=geonames:2-entityType=loc:3-theme=political:41-vague=non:42-sentiment=neutral:5-id=1282028:51-category=A:52-subcategory=PCLI:61-continent=AS:62-country=MV:63-admin2=:64-admin4=:65-x=73.0:66-y=3.2:67-geometry=NR
Pays-Bas:1-source=geonames:2-entityType=loc:3-theme=political:41-vague=non:42-sentiment=neutral:5-id=2750405:51-category=A:52-subcategory=PCLI:61-continent=EU:62-country=NL:63-admin2=:64-admin4=:65-x=5.75:66-y=52.25:67-geometry=NR
Irlande:1-source=geonames:2-entityType=loc:3-theme=political:41-vague=non:42-sentiment=neutral:5-id=2963597:51-category=A:52-subcategory=PCLI:61-continent=EU:62-country=IE:63-admin2=:64-admin4=:65-x=-8.0:66-y=53.0:67-geometry=NR
Belgique:1-source=geonames:2-entityType=loc:3-theme=political:41-vague=non:42-sentiment=neutral:5-id=2802361:51-category=A:52-subcategory=PCLI:61-continent=EU:62-country=BE:63-admin2=:64-admin4=:65-x=4.5:66-y=50.75:67-geometry=NR
Slovaquie:1-source=geonames:2-entityType=loc:3-theme=political:41-vague=non:42-sentiment=neutral:5-id=3057568:51-category=A:52-subcategory=PCLI:61-continent=EU:62-country=SK:63-admin2=:64-admin4=:65-x=19.5:66-y=48.66667:67-geometry=NR
Danemark:1-source=geonames:2-entityType=loc:3-theme=political:41-vague=non:42-sentiment=neutral:5-id=2623032:51-category=A:52-subcategory=PCLI:61-continent=EU:62-country=DK:63-admin2=:64-admin4=:65-x=10.0:66-y=56.0:67-geometry=NR
Islande:1-source=geonames:2-entityType=loc:3-theme=political:41-vague=non:42-sentiment=neutral:5-id=2629691:51-category=A:52-subcategory=PCLI:61-continent=EU:62-country=IS:63-admin2=:64-admin4=:65-x=-18.0:66-y=65.0:67-geometry=NR
Suisse:1-source=geonames:2-entityType=loc:3-theme=political:41-vague=non:42-sentiment=neutral:5-id=2658434:51-category=A:52-subcategory=PCLI:61-continent=EU:62-country=CH:63-admin2=:64-admin4=:65-x=8.01427:66-y=47.00016:67-geometry=NR
Timor Oriental:1-source=geonames:2-entityType=loc:3-theme=political:41-vague=non:42-sentiment=neutral:5-id=1966436:51-category=A:52-subcategory=PCLI:61-continent=OC:62-country=TL:63-admin2=:64-admin4=:65-x=125.75:66-y=-8.83333:67-geometry=NR
Brunéi Darussalam:1-source=geonames:2-entityType=loc:3-theme=political:41-vague=non:42-sentiment=neutral:5-id=1820814:51-category=A:52-subcategory=PCLI:61-continent=AS:62-country=BN:63-admin2=:64-admin4=:65-x=114.66667:66-y=4.5:67-geometry=NR
Singapour:1-source=geonames:2-entityType=loc:3-theme=political:41-vague=non:42-sentiment=neutral:5-id=1880251:51-category=A:52-subcategory=PCLI:61-continent=AS:62-country=SG:63-admin2=:64-admin4=:65-x=103.8:66-y=1.36667:67-geometry=NR
Liban:1-source=geonames:2-entityType=loc:3-theme=political:41-vague=non:42-sentiment=neutral:5-id=272103:51-category=A:52-subcategory=PCLI:61-continent=AS:62-country=LB:63-admin2=:64-admin4=:65-x=35.83333:66-y=33.83333:67-geometry=NR
Seychelles:1-source=geonames:2-entityType=loc:3-theme=political:41-vague=non:42-sentiment=neutral:5-id=241170:51-category=A:52-subcategory=PCLI:61-continent=AF:62-country=SC:63-admin2=:64-admin4=:65-x=55.66667:66-y=-4.58333:67-geometry=NR
Djibouti:1-source=geonames:2-entityType=loc:3-theme=political:41-vague=non:42-sentiment=neutral:5-id=223816:51-category=A:52-subcategory=PCLI:61-continent=AF:62-country=DJ:63-admin2=:64-admin4=:65-x=42.5:66-y=11.83333:67-geometry=NR
Burundi:1-source=geonames:2-entityType=loc:3-theme=political:41-vague=non:42-sentiment=neutral:5-id=433561:51-category=A:52-subcategory=PCLI:61-continent=AF:62-country=BI:63-admin2=:64-admin4=:65-x=30.0:66-y=-3.5:67-geometry=NR
Estonie:1-source=geonames:2-entityType=loc:3-theme=political:41-vague=non:42-sentiment=neutral:5-id=453733:51-category=A:52-subcategory=PCLI:61-continent=EU:62-country=EE:63-admin2=:64-admin4=:65-x=26.0:66-y=59.0:67-geometry=NR
Lettonie:1-source=geonames:2-entityType=loc:3-theme=political:41-vague=non:42-sentiment=neutral:5-id=458258:51-category=A:52-subcategory=PCLI:61-continent=EU:62-country=LV:63-admin2=:64-admin4=:65-x=25.0:66-y=57.0:67-geometry=NR
Koweït:1-source=geonames:2-entityType=loc:3-theme=political:41-vague=non:42-sentiment=neutral:5-id=285570:51-category=A:52-subcategory=PCLI:61-continent=AS:62-country=KW:63-admin2=:64-admin4=:65-x=47.75:66-y=29.5:67-geometry=NR
Qatar:1-source=geonames:2-entityType=loc:3-theme=political:41-vague=non:42-sentiment=neutral:5-id=289688:51-category=A:52-subcategory=PCLI:61-continent=AS:62-country=QA:63-admin2=:64-admin4=:65-x=51.25:66-y=25.5:67-geometry=NR
Arménie:1-source=geonames:2-entityType=loc:3-theme=political:41-vague=non:42-sentiment=neutral:5-id=174982:51-category=A:52-subcategory=PCLI:61-continent=AS:62-country=AM:63-admin2=:64-admin4=:65-x=45.0:66-y=40.25:67-geometry=NR
Israël:1-source=geonames:2-entityType=loc:3-theme=political:41-vague=non:42-sentiment=neutral:5-id=294640:51-category=A:52-subcategory=PCLI:61-continent=AS:62-country=IL:63-admin2=:64-admin4=:65-x=34.75:66-y=31.5:67-geometry=NR
Rwanda:1-source=geonames:2-entityType=loc:3-theme=political:41-vague=non:42-sentiment=neutral:5-id=49518:51-category=A:52-subcategory=PCLI:61-continent=AF:62-country=RW:63-admin2=:64-admin4=:65-x=30.0:66-y=-2.0:67-geometry=NR
Chypre:1-source=geonames:2-entityType=loc:3-theme=political:41-vague=non:42-sentiment=neutral:5-id=146669:51-category=A:52-subcategory=PCLI:61-continent=EU:62-country=CY:63-admin2=:64-admin4=:65-x=33.0:66-y=35.0:67-geometry=NR
Surinam:1-source=geonames:2-entityType=loc:3-theme=political:41-vague=non:42-sentiment=neutral:5-id=3382998:51-category=A:52-subcategory=PCLI:61-continent=SA:62-country=SR:63-admin2=:64-admin4=:65-x=-56.0:66-y=4.0:67-geometry=NR
Cap-Vert:1-source=geonames:2-entityType=loc:3-theme=political:41-vague=non:42-sentiment=neutral:5-id=3374766:51-category=A:52-subcategory=PCLI:61-continent=AF:62-country=CV:63-admin2=:64-admin4=:65-x=-24.0:66-y=16.0:67-geometry=NR
Bosnie-Herzégovine:1-source=geonames:2-entityType=loc:3-theme=political:41-vague=non:42-sentiment=neutral:5-id=3277605:51-category=A:52-subcategory=PCLI:61-continent=EU:62-country=BA:63-admin2=:64-admin4=:65-x=17.83333:66-y=44.25:67-geometry=NR
République Dominicaine:1-source=geonames:2-entityType=loc:3-theme=political:41-vague=non:42-sentiment=neutral:5-id=3508796:51-category=A:52-subcategory=PCLI:61-continent=NA:62-country=DO:63-admin2=:64-admin4=:65-x=-70.66667:66-y=19.0:67-geometry=NR
Haïti:1-source=geonames:2-entityType=loc:3-theme=political:41-vague=non:42-sentiment=neutral:5-id=3723988:51-category=A:52-subcategory=PCLI:61-continent=NA:62-country=HT:63-admin2=:64-admin4=:65-x=-72.41667:66-y=19.0:67-geometry=NR
Jamaïque:1-source=geonames:2-entityType=loc:3-theme=political:41-vague=non:42-sentiment=neutral:5-id=3489940:51-category=A:52-subcategory=PCLI:61-continent=NA:62-country=JM:63-admin2=:64-admin4=:65-x=-77.25:66-y=18.16667:67-geometry=NR
Trinidad et Tobago:1-source=geonames:2-entityType=loc:3-theme=political:41-vague=non:42-sentiment=neutral:5-id=3573591:51-category=A:52-subcategory=PCLI:61-continent=NA:62-country=TT:63-admin2=:64-admin4=:65-x=-61.0:66-y=11.0:67-geometry=NR
Slovénie:1-source=geonames:2-entityType=loc:3-theme=political:41-vague=non:42-sentiment=neutral:5-id=3190538:51-category=A:52-subcategory=PCLI:61-continent=EU:62-country=SI:63-admin2=:64-admin4=:65-x=15.0:66-y=46.08333:67-geometry=NR
Monténégro:1-source=geonames:2-entityType=loc:3-theme=political:41-vague=non:42-sentiment=neutral:5-id=3194884:51-category=A:52-subcategory=PCLI:61-continent=EU:62-country=ME:63-admin2=:64-admin4=:65-x=19.25:66-y=42.75:67-geometry=NR
Samoa:1-source=geonames:2-entityType=loc:3-theme=political:41-vague=non:42-sentiment=neutral:5-id=4034894:51-category=A:52-subcategory=PCLI:61-continent=OC:62-country=WS:63-admin2=:64-admin4=:65-x=-172.13333:66-y=-13.8:67-geometry=NR
Kiribati:1-source=geonames:2-entityType=loc:3-theme=political:41-vague=non:42-sentiment=neutral:5-id=4030945:51-category=A:52-subcategory=PCLI:61-continent=OC:62-country=KI:63-admin2=:64-admin4=:65-x=172.984:66-y=1.421:67-geometry=NR
Tonga:1-source=geonames:2-entityType=loc:3-theme=political:41-vague=non:42-sentiment=neutral:5-id=4032283:51-category=A:52-subcategory=PCLI:61-continent=OC:62-country=TO:63-admin2=:64-admin4=:65-x=-175.0:66-y=-20.0:67-geometry=NR
Serbie:1-source=geonames:2-entityType=loc:3-theme=political:41-vague=non:42-sentiment=neutral:5-id=6290252:51-category=A:52-subcategory=PCLI:61-continent=EU:62-country=RS:63-admin2=:64-admin4=:65-x=20.45998:66-y=44.81892:67-geometry=NR
Belize:1-source=geonames:2-entityType=loc:3-theme=political:41-vague=non:42-sentiment=neutral:5-id=3582678:51-category=A:52-subcategory=PCLI:61-continent=NA:62-country=BZ:63-admin2=:64-admin4=:65-x=-88.75:66-y=17.25:67-geometry=NR
Salvador:1-source=geonames:2-entityType=loc:3-theme=political:41-vague=non:42-sentiment=neutral:5-id=3585968:51-category=A:52-subcategory=PCLI:61-continent=NA:62-country=SV:63-admin2=:64-admin4=:65-x=-88.91667:66-y=13.83333:67-geometry=NR
Malte:1-source=geonames:2-entityType=loc:3-theme=political:41-vague=non:42-sentiment=neutral:5-id=2562770:51-category=A:52-subcategory=PCLI:61-continent=EU:62-country=MT:63-admin2=:64-admin4=:65-x=14.43333:66-y=35.91667:67-geometry=NR
Nauru:1-source=geonames:2-entityType=loc:3-theme=political:41-vague=non:42-sentiment=neutral:5-id=2110425:51-category=A:52-subcategory=PCLI:61-continent=OC:62-country=NR:63-admin2=:64-admin4=:65-x=166.933:66-y=-0.517:67-geometry=NR
Luxembourg:1-source=geonames:2-entityType=loc:3-theme=political:41-vague=non:42-sentiment=neutral:5-id=2960313:51-category=A:52-subcategory=PCLI:61-continent=EU:62-country=LU:63-admin2=:64-admin4=:65-x=6.16667:66-y=49.75:67-geometry=NR
Andorre:1-source=geonames:2-entityType=loc:3-theme=political:41-vague=non:42-sentiment=neutral:5-id=3041565:51-category=A:52-subcategory=PCLI:61-continent=EU:62-country=AD:63-admin2=:64-admin4=:65-x=1.58333:66-y=42.55:67-geometry=NR
Liechtenstein:1-source=geonames:2-entityType=loc:3-theme=political:41-vague=non:42-sentiment=neutral:5-id=3042058:51-category=A:52-subcategory=PCLI:61-continent=EU:62-country=LI:63-admin2=:64-admin4=:65-x=9.53333:66-y=47.16667:67-geometry=NR
Monaco:1-source=geonames:2-entityType=loc:3-theme=political:41-vague=non:42-sentiment=neutral:5-id=2993457:51-category=A:52-subcategory=PCLI:61-continent=EU:62-country=MC:63-admin2=:64-admin4=:65-x=7.41903:66-y=43.73141:67-geometry=NR
Bahreïn:1-source=geonames:2-entityType=loc:3-theme=political:41-vague=non:42-sentiment=neutral:5-id=290291:51-category=A:52-subcategory=PCLI:61-continent=AS:62-country=BH:63-admin2=:64-admin4=:65-x=50.55:66-y=26.03333:67-geometry=NR
Barbade:1-source=geonames:2-entityType=loc:3-theme=political:41-vague=non:42-sentiment=neutral:5-id=3374084:51-category=A:52-subcategory=PCLI:61-continent=NA:62-country=BB:63-admin2=:64-admin4=:65-x=-59.55165:66-y=13.16453:67-geometry=NR
Saint-Christophe-et-Niévès:1-source=geonames:2-entityType=loc:3-theme=political:41-vague=non:42-sentiment=neutral:5-id=3575174:51-category=A:52-subcategory=PCLI:61-continent=NA:62-country=KN:63-admin2=:64-admin4=:65-x=-62.75:66-y=17.33333:67-geometry=NR
Dominique:1-source=geonames:2-entityType=loc:3-theme=political:41-vague=non:42-sentiment=neutral:5-id=3575830:51-category=A:52-subcategory=PCLI:61-continent=NA:62-country=DM:63-admin2=:64-admin4=:65-x=-61.33333:66-y=15.5:67-geometry=NR
Antigua et Barbuda:1-source=geonames:2-entityType=loc:3-theme=political:41-vague=non:42-sentiment=neutral:5-id=3576396:51-category=A:52-subcategory=PCLI:61-continent=NA:62-country=AG:63-admin2=:64-admin4=:65-x=-61.8:66-y=17.05:67-geometry=NR
Sainte-Lucie:1-source=geonames:2-entityType=loc:3-theme=political:41-vague=non:42-sentiment=neutral:5-id=3576468:51-category=A:52-subcategory=PCLI:61-continent=NA:62-country=LC:63-admin2=:64-admin4=:65-x=-60.96667:66-y=13.88333:67-geometry=NR
Saint-Vincent-et-les Grenadines:1-source=geonames:2-entityType=loc:3-theme=political:41-vague=non:42-sentiment=neutral:5-id=3577815:51-category=A:52-subcategory=PCLI:61-continent=NA:62-country=VC:63-admin2=:64-admin4=:65-x=-61.2:66-y=13.08333:67-geometry=NR
Grenade:1-source=geonames:2-entityType=loc:3-theme=political:41-vague=non:42-sentiment=neutral:5-id=3580239:51-category=A:52-subcategory=PCLI:61-continent=NA:62-country=GD:63-admin2=:64-admin4=:65-x=-61.66667:66-y=12.11667:67-geometry=NR
Vatican:1-source=geonames:2-entityType=loc:3-theme=political:41-vague=non:42-sentiment=neutral:5-id=3164670:51-category=A:52-subcategory=PCLI:61-continent=EU:62-country=VA:63-admin2=:64-admin4=:65-x=12.4533:66-y=41.90225:67-geometry=NR
Saint-Marin:1-source=geonames:2-entityType=loc:3-theme=political:41-vague=non:42-sentiment=neutral:5-id=3168068:51-category=A:52-subcategory=PCLI:61-continent=EU:62-country=SM:63-admin2=:64-admin4=:65-x=12.4463:66-y=43.9367:67-geometry=NR
