Túnel de Peña:1-source=Geonames:2-entityType=loc:3-theme=equip:41-vague=non:42-sentiment=neutral:5-id=2512755:51-category=R:52-subcategory=TNL:61-continent=Europe:62-country=Espagne:63-admin2=:64-admin4=:65-x=-6.46667:66-y=39.66667:67-geometry=NR
Túnel Iglesias:1-source=Geonames:2-entityType=loc:3-theme=equip:41-vague=non:42-sentiment=neutral:5-id=2516466:51-category=R:52-subcategory=TNL:61-continent=Europe:62-country=Espagne:63-admin2=:64-admin4=:65-x=-6.46667:66-y=39.68333:67-geometry=NR
Túnel Cantalobos:1-source=Geonames:2-entityType=loc:3-theme=equip:41-vague=non:42-sentiment=neutral:5-id=2520224:51-category=R:52-subcategory=TNL:61-continent=Europe:62-country=Espagne:63-admin2=:64-admin4=:65-x=-6.46667:66-y=39.7:67-geometry=NR
Nus de la Trinitat:1-source=Geonames:2-entityType=loc:3-theme=equip:41-vague=non:42-sentiment=neutral:5-id=6252064:51-category=R:52-subcategory=RDJCT:61-continent=Europe:62-country=Espagne:63-admin2=:64-admin4=:65-x=2.19555:66-y=41.44955:67-geometry=NR
Saint James's Way:1-source=Geonames:2-entityType=loc:3-theme=equip:41-vague=non:42-sentiment=neutral:5-id=6269277:51-category=R:52-subcategory=RDA:61-continent=Europe:62-country=Espagne:63-admin2=:64-admin4=:65-x=-8.53865:66-y=42.88151:67-geometry=NR
Old Railway Station:1-source=Geonames:2-entityType=loc:3-theme=equip:41-vague=non:42-sentiment=neutral:5-id=6269459:51-category=R:52-subcategory=RRQ:61-continent=Europe:62-country=Espagne:63-admin2=:64-admin4=:65-x=-0.69116:66-y=37.9785:67-geometry=NR
camí de Núria:1-source=Geonames:2-entityType=loc:3-theme=equip:41-vague=non:42-sentiment=neutral:5-id=6269479:51-category=R:52-subcategory=RDA:61-continent=Europe:62-country=Espagne:63-admin2=:64-admin4=:65-x=2.15178:66-y=42.39297:67-geometry=NR
Carretera General del Norte:1-source=Geonames:2-entityType=loc:3-theme=equip:41-vague=non:42-sentiment=neutral:5-id=6355212:51-category=R:52-subcategory=RD:61-continent=Europe:62-country=Espagne:63-admin2=:64-admin4=:65-x=-16.37083:66-y=28.49061:67-geometry=NR
La Rambla:1-source=Geonames:2-entityType=loc:3-theme=equip:41-vague=non:42-sentiment=neutral:5-id=6457275:51-category=R:52-subcategory=ST:61-continent=Europe:62-country=Espagne:63-admin2=:64-admin4=:65-x=2.17393:66-y=41.38035:67-geometry=NR
Passeig de Gràcia:1-source=Geonames:2-entityType=loc:3-theme=equip:41-vague=non:42-sentiment=neutral:5-id=6457286:51-category=R:52-subcategory=ST:61-continent=Europe:62-country=Espagne:63-admin2=:64-admin4=:65-x=2.16564:66-y=41.39155:67-geometry=NR
Calle de Santa Ana:1-source=Geonames:2-entityType=loc:3-theme=equip:41-vague=non:42-sentiment=neutral:5-id=6941249:51-category=R:52-subcategory=ST:61-continent=Europe:62-country=Espagne:63-admin2=:64-admin4=:65-x=-5.84353:66-y=43.36174:67-geometry=NR
Passeig de la Rambla:1-source=Geonames:2-entityType=loc:3-theme=equip:41-vague=non:42-sentiment=neutral:5-id=6946447:51-category=R:52-subcategory=RD:61-continent=Europe:62-country=Espagne:63-admin2=:64-admin4=:65-x=2.64968:66-y=39.5733:67-geometry=NR
Passeig des Born:1-source=Geonames:2-entityType=loc:3-theme=equip:41-vague=non:42-sentiment=neutral:5-id=6946448:51-category=R:52-subcategory=RD:61-continent=Europe:62-country=Espagne:63-admin2=:64-admin4=:65-x=2.64221:66-y=39.5692:67-geometry=NR
Gran Via:1-source=Geonames:2-entityType=loc:3-theme=equip:41-vague=non:42-sentiment=neutral:5-id=6947422:51-category=R:52-subcategory=RD:61-continent=Europe:62-country=Espagne:63-admin2=:64-admin4=:65-x=-3.6404:66-y=40.4698:67-geometry=NR
Las Campas:1-source=Geonames:2-entityType=loc:3-theme=equip:41-vague=non:42-sentiment=neutral:5-id=7118066:51-category=R:52-subcategory=RD:61-continent=Europe:62-country=Espagne:63-admin2=:64-admin4=:65-x=-5.99106:66-y=43.36708:67-geometry=NR
Calle de Elvira:1-source=Geonames:2-entityType=loc:3-theme=equip:41-vague=non:42-sentiment=neutral:5-id=7626572:51-category=R:52-subcategory=ST:61-continent=Europe:62-country=Espagne:63-admin2=:64-admin4=:65-x=-3.59672:66-y=37.17687:67-geometry=NR
Majarabique yard:1-source=Geonames:2-entityType=loc:3-theme=equip:41-vague=non:42-sentiment=neutral:5-id=7838946:51-category=R:52-subcategory=RYD:61-continent=Europe:62-country=Espagne:63-admin2=:64-admin4=:65-x=-5.95858:66-y=37.45893:67-geometry=NR
Caminito del Rey:1-source=Geonames:2-entityType=loc:3-theme=equip:41-vague=non:42-sentiment=neutral:5-id=7873888:51-category=R:52-subcategory=TRL:61-continent=Europe:62-country=Espagne:63-admin2=:64-admin4=:65-x=-4.77833:66-y=36.92417:67-geometry=NR
Valencia-Sud:1-source=Geonames:2-entityType=loc:3-theme=equip:41-vague=non:42-sentiment=neutral:5-id=7910989:51-category=R:52-subcategory=RR:61-continent=Europe:62-country=Espagne:63-admin2=:64-admin4=:65-x=-0.41047:66-y=39.44095:67-geometry=NR
Gran Via:1-source=Geonames:2-entityType=loc:3-theme=equip:41-vague=non:42-sentiment=neutral:5-id=8062429:51-category=R:52-subcategory=RD:61-continent=Europe:62-country=Espagne:63-admin2=:64-admin4=:65-x=-5.66015:66-y=40.96585:67-geometry=NR
Camino la Vía:1-source=Geonames:2-entityType=loc:3-theme=equip:41-vague=non:42-sentiment=neutral:5-id=8063130:51-category=R:52-subcategory=TRL:61-continent=Europe:62-country=Espagne:63-admin2=:64-admin4=:65-x=-0.43681:66-y=38.73392:67-geometry=NR
Nacional 340:1-source=Geonames:2-entityType=loc:3-theme=equip:41-vague=non:42-sentiment=neutral:5-id=8063250:51-category=R:52-subcategory=RD:61-continent=Europe:62-country=Espagne:63-admin2=:64-admin4=:65-x=-0.43842:66-y=38.75331:67-geometry=NR
Carretera Valencia 703:1-source=Geonames:2-entityType=loc:3-theme=equip:41-vague=non:42-sentiment=neutral:5-id=8063251:51-category=R:52-subcategory=RD:61-continent=Europe:62-country=Espagne:63-admin2=:64-admin4=:65-x=-0.43807:66-y=38.75378:67-geometry=NR
Carretera Valencia 7920:1-source=Geonames:2-entityType=loc:3-theme=equip:41-vague=non:42-sentiment=neutral:5-id=8063252:51-category=R:52-subcategory=RD:61-continent=Europe:62-country=Espagne:63-admin2=:64-admin4=:65-x=-0.44013:66-y=38.74869:67-geometry=NR
Carretera Valencia 790:1-source=Geonames:2-entityType=loc:3-theme=equip:41-vague=non:42-sentiment=neutral:5-id=8063253:51-category=R:52-subcategory=RD:61-continent=Europe:62-country=Espagne:63-admin2=:64-admin4=:65-x=-0.43695:66-y=38.74077:67-geometry=NR
Carretera Busot-Jijona-Alicante:1-source=Geonames:2-entityType=loc:3-theme=equip:41-vague=non:42-sentiment=neutral:5-id=8063784:51-category=R:52-subcategory=RD:61-continent=Europe:62-country=Espagne:63-admin2=:64-admin4=:65-x=-0.42729:66-y=38.46948:67-geometry=NR
Carretera Busot-El Campello:1-source=Geonames:2-entityType=loc:3-theme=equip:41-vague=non:42-sentiment=neutral:5-id=8063785:51-category=R:52-subcategory=RD:61-continent=Europe:62-country=Espagne:63-admin2=:64-admin4=:65-x=-0.42051:66-y=38.47341:67-geometry=NR
Avenida del Mediterráneo:1-source=Geonames:2-entityType=loc:3-theme=equip:41-vague=non:42-sentiment=neutral:5-id=8081316:51-category=R:52-subcategory=ST:61-continent=Europe:62-country=Espagne:63-admin2=:64-admin4=:65-x=-0.12018:66-y=38.53685:67-geometry=NR
C/ Toni Leblanc:1-source=Geonames:2-entityType=loc:3-theme=equip:41-vague=non:42-sentiment=neutral:5-id=8081319:51-category=R:52-subcategory=ST:61-continent=Europe:62-country=Espagne:63-admin2=:64-admin4=:65-x=-0.10298:66-y=38.5394:67-geometry=NR
AV/Comunitat Valenciana:1-source=Geonames:2-entityType=loc:3-theme=equip:41-vague=non:42-sentiment=neutral:5-id=8081327:51-category=R:52-subcategory=ST:61-continent=Europe:62-country=Espagne:63-admin2=:64-admin4=:65-x=-0.1133:66-y=38.54887:67-geometry=NR
Carretera (CV-705):1-source=Geonames:2-entityType=loc:3-theme=equip:41-vague=non:42-sentiment=neutral:5-id=8125822:51-category=R:52-subcategory=RD:61-continent=Europe:62-country=Espagne:63-admin2=:64-admin4=:65-x=-0.38459:66-y=38.81829:67-geometry=NR
Carretera ( CV-701):1-source=Geonames:2-entityType=loc:3-theme=equip:41-vague=non:42-sentiment=neutral:5-id=8125823:51-category=R:52-subcategory=RD:61-continent=Europe:62-country=Espagne:63-admin2=:64-admin4=:65-x=-0.37219:66-y=38.82151:67-geometry=NR
Carretera ( C-V 711):1-source=Geonames:2-entityType=loc:3-theme=equip:41-vague=non:42-sentiment=neutral:5-id=8125824:51-category=R:52-subcategory=RD:61-continent=Europe:62-country=Espagne:63-admin2=:64-admin4=:65-x=-0.37615:66-y=38.81562:67-geometry=NR
Segovia, Plaza de San Lorenzo:1-source=Geonames:2-entityType=loc:3-theme=equip:41-vague=non:42-sentiment=neutral:5-id=8299273:51-category=R:52-subcategory=ST:61-continent=Europe:62-country=Espagne:63-admin2=:64-admin4=:65-x=-4.11362:66-y=40.95274:67-geometry=NR
Carancos:1-source=Geonames:2-entityType=loc:3-theme=equip:41-vague=non:42-sentiment=neutral:5-id=8468616:51-category=R:52-subcategory=RR:61-continent=Europe:62-country=Espagne:63-admin2=:64-admin4=:65-x=-5.4345:66-y=43.35539:67-geometry=NR
Paseo del Prado:1-source=Geonames:2-entityType=loc:3-theme=equip:41-vague=non:42-sentiment=neutral:5-id=8504627:51-category=R:52-subcategory=ST:61-continent=Europe:62-country=Espagne:63-admin2=:64-admin4=:65-x=-3.69282:66-y=40.41215:67-geometry=NR
Revuelta Marcelo:1-source=Geonames:2-entityType=loc:3-theme=equip:41-vague=non:42-sentiment=neutral:5-id=8714728:51-category=R:52-subcategory=RDB:61-continent=Europe:62-country=Espagne:63-admin2=:64-admin4=:65-x=-4.06016:66-y=41.6836:67-geometry=NR
La Puentecilla:1-source=Geonames:2-entityType=loc:3-theme=equip:41-vague=non:42-sentiment=neutral:5-id=8714729:51-category=R:52-subcategory=RDB:61-continent=Europe:62-country=Espagne:63-admin2=:64-admin4=:65-x=-4.0589:66-y=41.68066:67-geometry=NR
Camino de la Varga:1-source=Geonames:2-entityType=loc:3-theme=equip:41-vague=non:42-sentiment=neutral:5-id=8714776:51-category=R:52-subcategory=TRL:61-continent=Europe:62-country=Espagne:63-admin2=:64-admin4=:65-x=-4.0591:66-y=41.66937:67-geometry=NR
La Senda de la Tía Marcela:1-source=Geonames:2-entityType=loc:3-theme=equip:41-vague=non:42-sentiment=neutral:5-id=8714777:51-category=R:52-subcategory=TRL:61-continent=Europe:62-country=Espagne:63-admin2=:64-admin4=:65-x=-4.05964:66-y=41.66498:67-geometry=NR
Camino de Valcavado:1-source=Geonames:2-entityType=loc:3-theme=equip:41-vague=non:42-sentiment=neutral:5-id=8714806:51-category=R:52-subcategory=TRL:61-continent=Europe:62-country=Espagne:63-admin2=:64-admin4=:65-x=-4.02306:66-y=41.68306:67-geometry=NR
Camino de Villaescusa:1-source=Geonames:2-entityType=loc:3-theme=equip:41-vague=non:42-sentiment=neutral:5-id=8714814:51-category=R:52-subcategory=TRL:61-continent=Europe:62-country=Espagne:63-admin2=:64-admin4=:65-x=-4.04123:66-y=41.699:67-geometry=NR
Camino de Gricio:1-source=Geonames:2-entityType=loc:3-theme=equip:41-vague=non:42-sentiment=neutral:5-id=8714825:51-category=R:52-subcategory=TRL:61-continent=Europe:62-country=Espagne:63-admin2=:64-admin4=:65-x=-4.05902:66-y=41.71329:67-geometry=NR
Camino de Fuente Los Enfermos:1-source=Geonames:2-entityType=loc:3-theme=equip:41-vague=non:42-sentiment=neutral:5-id=8714854:51-category=R:52-subcategory=TRL:61-continent=Europe:62-country=Espagne:63-admin2=:64-admin4=:65-x=-4.05974:66-y=41.68563:67-geometry=NR
Camino Roa:1-source=Geonames:2-entityType=loc:3-theme=equip:41-vague=non:42-sentiment=neutral:5-id=8714855:51-category=R:52-subcategory=TRL:61-continent=Europe:62-country=Espagne:63-admin2=:64-admin4=:65-x=-4.05973:66-y=41.68927:67-geometry=NR
Camino Jarrubia:1-source=Geonames:2-entityType=loc:3-theme=equip:41-vague=non:42-sentiment=neutral:5-id=8714856:51-category=R:52-subcategory=TRL:61-continent=Europe:62-country=Espagne:63-admin2=:64-admin4=:65-x=-4.06034:66-y=41.69053:67-geometry=NR
Camino Real de Burgos:1-source=Geonames:2-entityType=loc:3-theme=equip:41-vague=non:42-sentiment=neutral:5-id=8739784:51-category=R:52-subcategory=TRL:61-continent=Europe:62-country=Espagne:63-admin2=:64-admin4=:65-x=-4.05284:66-y=41.7109:67-geometry=NR
Camino Real de Burgos:1-source=Geonames:2-entityType=loc:3-theme=equip:41-vague=non:42-sentiment=neutral:5-id=8739785:51-category=R:52-subcategory=TRL:61-continent=Europe:62-country=Espagne:63-admin2=:64-admin4=:65-x=-4.06535:66-y=41.69826:67-geometry=NR
Camino Real de Burgos:1-source=Geonames:2-entityType=loc:3-theme=equip:41-vague=non:42-sentiment=neutral:5-id=8739786:51-category=R:52-subcategory=TRL:61-continent=Europe:62-country=Espagne:63-admin2=:64-admin4=:65-x=-4.08009:66-y=41.67754:67-geometry=NR
Camino del Espinar:1-source=Geonames:2-entityType=loc:3-theme=equip:41-vague=non:42-sentiment=neutral:5-id=8739787:51-category=R:52-subcategory=TRL:61-continent=Europe:62-country=Espagne:63-admin2=:64-admin4=:65-x=-4.07923:66-y=41.68286:67-geometry=NR
Camino de Santa María:1-source=Geonames:2-entityType=loc:3-theme=equip:41-vague=non:42-sentiment=neutral:5-id=8739788:51-category=R:52-subcategory=TRL:61-continent=Europe:62-country=Espagne:63-admin2=:64-admin4=:65-x=-4.09629:66-y=41.71154:67-geometry=NR
Camino del Morejón:1-source=Geonames:2-entityType=loc:3-theme=equip:41-vague=non:42-sentiment=neutral:5-id=8739789:51-category=R:52-subcategory=TRL:61-continent=Europe:62-country=Espagne:63-admin2=:64-admin4=:65-x=-4.09324:66-y=41.7026:67-geometry=NR
sexshop erotika Marbella:1-source=Geonames:2-entityType=loc:3-theme=equip:41-vague=non:42-sentiment=neutral:5-id=11049045:51-category=R:52-subcategory=RD:61-continent=Europe:62-country=Espagne:63-admin2=:64-admin4=:65-x=-4.88813:66-y=36.50914:67-geometry=NR
Túnel Internaciona del Somport:1-source=Geonames:2-entityType=loc:3-theme=equip:41-vague=non:42-sentiment=neutral:5-id=11427455:51-category=R:52-subcategory=TNLRR:61-continent=Europe:62-country=Espagne:63-admin2=:64-admin4=:65-x=-0.51782:66-y=42.74314:67-geometry=NR
La Rambla:1-source=geonames:2-entityType=loc:3-theme=equip:41-vague=non:42-sentiment=neutral:5-id=6457275:51-category=R:52-subcategory=ST:61-continent=Europe:62-country=France:63-admin2=:64-admin4=:65-x=2.17393:66-y=41.38035:67-geometry=NR
Paseo de Gracia:1-source=geonames:2-entityType=loc:3-theme=equip:41-vague=non:42-sentiment=neutral:5-id=6457286:51-category=R:52-subcategory=ST:61-continent=Europe:62-country=France:63-admin2=:64-admin4=:65-x=2.16564:66-y=41.39155:67-geometry=NR
Camino de Santiago:1-source=geonames:2-entityType=loc:3-theme=equip:41-vague=non:42-sentiment=neutral:5-id=6269277:51-category=R:52-subcategory=RDA:61-continent=Europe:62-country=Espagne:63-admin2=:64-admin4=:65-x=-8.53865:66-y=42.88151:67-geometry=NR
Las Ramblas:1-source=geonames:2-entityType=loc:3-theme=equip:41-vague=non:42-sentiment=neutral:5-id=6457275:51-category=R:52-subcategory=ST:61-continent=Europe:62-country=Espagne:63-admin2=:64-admin4=:65-x=2.17393:66-y=41.38035:67-geometry=NR
